C:/Users/JavierMunozSaez/Documents/GitHub/firmware-poc-openbootloader-target/OpenBootloader/OpenBootloader/Target/flash_interface.c:59:6:OPENBL_FLASH_Unlock	8	static
C:/Users/JavierMunozSaez/Documents/GitHub/firmware-poc-openbootloader-target/OpenBootloader/OpenBootloader/Target/flash_interface.c:68:6:OPENBL_FLASH_Lock	8	static
C:/Users/JavierMunozSaez/Documents/GitHub/firmware-poc-openbootloader-target/OpenBootloader/OpenBootloader/Target/flash_interface.c:77:6:OPENBL_FLASH_OB_Unlock	8	static
C:/Users/JavierMunozSaez/Documents/GitHub/firmware-poc-openbootloader-target/OpenBootloader/OpenBootloader/Target/flash_interface.c:88:6:OPENBL_FLASH_OB_Launch	8	static
C:/Users/JavierMunozSaez/Documents/GitHub/firmware-poc-openbootloader-target/OpenBootloader/OpenBootloader/Target/flash_interface.c:98:9:OPENBL_FLASH_Read	16	static
C:/Users/JavierMunozSaez/Documents/GitHub/firmware-poc-openbootloader-target/OpenBootloader/OpenBootloader/Target/flash_interface.c:110:6:OPENBL_FLASH_Write	32	static
C:/Users/JavierMunozSaez/Documents/GitHub/firmware-poc-openbootloader-target/OpenBootloader/OpenBootloader/Target/flash_interface.c:137:6:OPENBL_FLASH_JumpToAddress	24	static
C:/Users/JavierMunozSaez/Documents/GitHub/firmware-poc-openbootloader-target/OpenBootloader/OpenBootloader/Target/flash_interface.c:162:10:OPENBL_FLASH_GetReadOutProtectionLevel	64	static
C:/Users/JavierMunozSaez/Documents/GitHub/firmware-poc-openbootloader-target/OpenBootloader/OpenBootloader/Target/flash_interface.c:180:6:OPENBL_FLASH_SetReadOutProtectionLevel	72	static
C:/Users/JavierMunozSaez/Documents/GitHub/firmware-poc-openbootloader-target/OpenBootloader/OpenBootloader/Target/flash_interface.c:238:13:OPENBL_FLASH_SetWriteProtection	32	static
C:/Users/JavierMunozSaez/Documents/GitHub/firmware-poc-openbootloader-target/OpenBootloader/OpenBootloader/Target/flash_interface.c:266:13:OPENBL_FLASH_MassErase	40	static
C:/Users/JavierMunozSaez/Documents/GitHub/firmware-poc-openbootloader-target/OpenBootloader/OpenBootloader/Target/flash_interface.c:337:13:OPENBL_FLASH_Erase	56	static
C:/Users/JavierMunozSaez/Documents/GitHub/firmware-poc-openbootloader-target/OpenBootloader/OpenBootloader/Target/flash_interface.c:418:13:OPENBL_FLASH_ProgramDoubleWord	24	static
C:/Users/JavierMunozSaez/Documents/GitHub/firmware-poc-openbootloader-target/OpenBootloader/OpenBootloader/Target/flash_interface.c:434:20:OPENBL_FLASH_EnableWriteProtection	72	static
C:/Users/JavierMunozSaez/Documents/GitHub/firmware-poc-openbootloader-target/OpenBootloader/OpenBootloader/Target/flash_interface.c:510:20:OPENBL_FLASH_DisableWriteProtection	64	static
