C:/Users/JavierMunozSaez/Documents/GitHub/firmware-poc-openbootloader-target/OpenBootloader/OpenBootloader/App/app_openbootloader.c:100:6:OpenBootloader_Init	8	static
C:/Users/JavierMunozSaez/Documents/GitHub/firmware-poc-openbootloader-target/OpenBootloader/OpenBootloader/App/app_openbootloader.c:144:6:OpenBootloader_DeInit	8	static
C:/Users/JavierMunozSaez/Documents/GitHub/firmware-poc-openbootloader-target/OpenBootloader/OpenBootloader/App/app_openbootloader.c:154:6:OpenBootloader_ProtocolDetection	8	static
