Archive member included to satisfy reference by file (symbol)

C:/ST/STM32CubeIDE_1.16.0/STM32CubeIDE/plugins/com.st.stm32cube.ide.mcu.externaltools.gnu-tools-for-stm32.12.3.rel1.win32_1.0.200.202406191623/tools/bin/../lib/gcc/arm-none-eabi/12.3.1/../../../../arm-none-eabi/lib/thumb/v7e-m+fp/hard\libc_nano.a(libc_a-exit.o)
                              C:/ST/STM32CubeIDE_1.16.0/STM32CubeIDE/plugins/com.st.stm32cube.ide.mcu.externaltools.gnu-tools-for-stm32.12.3.rel1.win32_1.0.200.202406191623/tools/bin/../lib/gcc/arm-none-eabi/12.3.1/../../../../arm-none-eabi/lib/thumb/v7e-m+fp/hard/crt0.o (exit)
C:/ST/STM32CubeIDE_1.16.0/STM32CubeIDE/plugins/com.st.stm32cube.ide.mcu.externaltools.gnu-tools-for-stm32.12.3.rel1.win32_1.0.200.202406191623/tools/bin/../lib/gcc/arm-none-eabi/12.3.1/../../../../arm-none-eabi/lib/thumb/v7e-m+fp/hard\libc_nano.a(libc_a-findfp.o)
                              C:/ST/STM32CubeIDE_1.16.0/STM32CubeIDE/plugins/com.st.stm32cube.ide.mcu.externaltools.gnu-tools-for-stm32.12.3.rel1.win32_1.0.200.202406191623/tools/bin/../lib/gcc/arm-none-eabi/12.3.1/../../../../arm-none-eabi/lib/thumb/v7e-m+fp/hard\libc_nano.a(libc_a-exit.o) (__stdio_exit_handler)
C:/ST/STM32CubeIDE_1.16.0/STM32CubeIDE/plugins/com.st.stm32cube.ide.mcu.externaltools.gnu-tools-for-stm32.12.3.rel1.win32_1.0.200.202406191623/tools/bin/../lib/gcc/arm-none-eabi/12.3.1/../../../../arm-none-eabi/lib/thumb/v7e-m+fp/hard\libc_nano.a(libc_a-fwalk.o)
                              C:/ST/STM32CubeIDE_1.16.0/STM32CubeIDE/plugins/com.st.stm32cube.ide.mcu.externaltools.gnu-tools-for-stm32.12.3.rel1.win32_1.0.200.202406191623/tools/bin/../lib/gcc/arm-none-eabi/12.3.1/../../../../arm-none-eabi/lib/thumb/v7e-m+fp/hard\libc_nano.a(libc_a-findfp.o) (_fwalk_sglue)
C:/ST/STM32CubeIDE_1.16.0/STM32CubeIDE/plugins/com.st.stm32cube.ide.mcu.externaltools.gnu-tools-for-stm32.12.3.rel1.win32_1.0.200.202406191623/tools/bin/../lib/gcc/arm-none-eabi/12.3.1/../../../../arm-none-eabi/lib/thumb/v7e-m+fp/hard\libc_nano.a(libc_a-stdio.o)
                              C:/ST/STM32CubeIDE_1.16.0/STM32CubeIDE/plugins/com.st.stm32cube.ide.mcu.externaltools.gnu-tools-for-stm32.12.3.rel1.win32_1.0.200.202406191623/tools/bin/../lib/gcc/arm-none-eabi/12.3.1/../../../../arm-none-eabi/lib/thumb/v7e-m+fp/hard\libc_nano.a(libc_a-findfp.o) (__sread)
C:/ST/STM32CubeIDE_1.16.0/STM32CubeIDE/plugins/com.st.stm32cube.ide.mcu.externaltools.gnu-tools-for-stm32.12.3.rel1.win32_1.0.200.202406191623/tools/bin/../lib/gcc/arm-none-eabi/12.3.1/../../../../arm-none-eabi/lib/thumb/v7e-m+fp/hard\libc_nano.a(libc_a-memset.o)
                              C:/ST/STM32CubeIDE_1.16.0/STM32CubeIDE/plugins/com.st.stm32cube.ide.mcu.externaltools.gnu-tools-for-stm32.12.3.rel1.win32_1.0.200.202406191623/tools/bin/../lib/gcc/arm-none-eabi/12.3.1/../../../../arm-none-eabi/lib/thumb/v7e-m+fp/hard/crt0.o (memset)
C:/ST/STM32CubeIDE_1.16.0/STM32CubeIDE/plugins/com.st.stm32cube.ide.mcu.externaltools.gnu-tools-for-stm32.12.3.rel1.win32_1.0.200.202406191623/tools/bin/../lib/gcc/arm-none-eabi/12.3.1/../../../../arm-none-eabi/lib/thumb/v7e-m+fp/hard\libc_nano.a(libc_a-closer.o)
                              C:/ST/STM32CubeIDE_1.16.0/STM32CubeIDE/plugins/com.st.stm32cube.ide.mcu.externaltools.gnu-tools-for-stm32.12.3.rel1.win32_1.0.200.202406191623/tools/bin/../lib/gcc/arm-none-eabi/12.3.1/../../../../arm-none-eabi/lib/thumb/v7e-m+fp/hard\libc_nano.a(libc_a-stdio.o) (_close_r)
C:/ST/STM32CubeIDE_1.16.0/STM32CubeIDE/plugins/com.st.stm32cube.ide.mcu.externaltools.gnu-tools-for-stm32.12.3.rel1.win32_1.0.200.202406191623/tools/bin/../lib/gcc/arm-none-eabi/12.3.1/../../../../arm-none-eabi/lib/thumb/v7e-m+fp/hard\libc_nano.a(libc_a-reent.o)
                              C:/ST/STM32CubeIDE_1.16.0/STM32CubeIDE/plugins/com.st.stm32cube.ide.mcu.externaltools.gnu-tools-for-stm32.12.3.rel1.win32_1.0.200.202406191623/tools/bin/../lib/gcc/arm-none-eabi/12.3.1/../../../../arm-none-eabi/lib/thumb/v7e-m+fp/hard\libc_nano.a(libc_a-closer.o) (errno)
C:/ST/STM32CubeIDE_1.16.0/STM32CubeIDE/plugins/com.st.stm32cube.ide.mcu.externaltools.gnu-tools-for-stm32.12.3.rel1.win32_1.0.200.202406191623/tools/bin/../lib/gcc/arm-none-eabi/12.3.1/../../../../arm-none-eabi/lib/thumb/v7e-m+fp/hard\libc_nano.a(libc_a-impure.o)
                              C:/ST/STM32CubeIDE_1.16.0/STM32CubeIDE/plugins/com.st.stm32cube.ide.mcu.externaltools.gnu-tools-for-stm32.12.3.rel1.win32_1.0.200.202406191623/tools/bin/../lib/gcc/arm-none-eabi/12.3.1/../../../../arm-none-eabi/lib/thumb/v7e-m+fp/hard\libc_nano.a(libc_a-reent.o) (_impure_ptr)
C:/ST/STM32CubeIDE_1.16.0/STM32CubeIDE/plugins/com.st.stm32cube.ide.mcu.externaltools.gnu-tools-for-stm32.12.3.rel1.win32_1.0.200.202406191623/tools/bin/../lib/gcc/arm-none-eabi/12.3.1/../../../../arm-none-eabi/lib/thumb/v7e-m+fp/hard\libc_nano.a(libc_a-lseekr.o)
[...]
Memory Configuration

Name             Origin             Length             Attributes
RAM              0x20000000         0x00020000         xrw
ROM              0x08000000         0x00080000         xr
*default*        0x00000000         0xffffffff

Linker script and memory map

LOAD C:/ST/STM32CubeIDE_1.16.0/STM32CubeIDE/plugins/com.st.stm32cube.ide.mcu.externaltools.gnu-tools-for-stm32.12.3.rel1.win32_1.0.200.202406191623/tools/bin/../lib/gcc/arm-none-eabi/12.3.1/thumb/v7e-m+fp/hard/crti.o
LOAD C:/ST/STM32CubeIDE_1.16.0/STM32CubeIDE/plugins/com.st.stm32cube.ide.mcu.externaltools.gnu-tools-for-stm32.12.3.rel1.win32_1.0.200.202406191623/tools/bin/../lib/gcc/arm-none-eabi/12.3.1/thumb/v7e-m+fp/hard/crtbegin.o
LOAD C:/ST/STM32CubeIDE_1.16.0/STM32CubeIDE/plugins/com.st.stm32cube.ide.mcu.externaltools.gnu-tools-for-stm32.12.3.rel1.win32_1.0.200.202406191623/tools/bin/../lib/gcc/arm-none-eabi/12.3.1/../../../../arm-none-eabi/lib/thumb/v7e-m+fp/hard/crt0.o
LOAD ./Application/Core/main.o
LOAD ./Application/Core/stm32g4xx_hal_msp.o
LOAD ./Application/Core/stm32g4xx_it.o
LOAD ./Application/Core/syscalls.o
LOAD ./Application/Core/sysmem.o
LOAD ./Application/OpenBootloader/App/app_openbootloader.o
LOAD ./Application/OpenBootloader/Target/classiccan_interface.o
LOAD ./Application/OpenBootloader/Target/common_interface.o
LOAD ./Application/OpenBootloader/Target/fdcan_interface.o
LOAD ./Application/OpenBootloader/Target/flash_interface.o
LOAD ./Application/OpenBootloader/Target/iwdg_interface.o
LOAD ./Application/OpenBootloader/Target/optionbytes_interface.o
LOAD ./Application/OpenBootloader/Target/otp_interface.o
LOAD ./Application/OpenBootloader/Target/ram_interface.o
LOAD ./Application/OpenBootloader/Target/systemmemory_interface.o
LOAD ./Application/OpenBootloader/Target/usart_interface.o
LOAD ./Application/Startup/startup_stm32g474qetx.o
LOAD ./Drivers/CMSIS/system_stm32g4xx.o
LOAD ./Drivers/STM32G4xx_HAL_Driver/stm32g4xx_hal.o
LOAD ./Drivers/STM32G4xx_HAL_Driver/stm32g4xx_hal_cortex.o
LOAD ./Drivers/STM32G4xx_HAL_Driver/stm32g4xx_hal_fdcan.o
LOAD ./Drivers/STM32G4xx_HAL_Driver/stm32g4xx_hal_flash.o
LOAD ./Drivers/STM32G4xx_HAL_Driver/stm32g4xx_hal_flash_ex.o
LOAD ./Drivers/STM32G4xx_HAL_Driver/stm32g4xx_hal_flash_ramfunc.o
LOAD ./Drivers/STM32G4xx_HAL_Driver/stm32g4xx_hal_gpio.o
LOAD ./Drivers/STM32G4xx_HAL_Driver/stm32g4xx_hal_iwdg.o
LOAD ./Drivers/STM32G4xx_HAL_Driver/stm32g4xx_hal_pwr.o
LOAD ./Drivers/STM32G4xx_HAL_Driver/stm32g4xx_hal_pwr_ex.o
LOAD ./Drivers/STM32G4xx_HAL_Driver/stm32g4xx_hal_rcc.o
LOAD ./Drivers/STM32G4xx_HAL_Driver/stm32g4xx_hal_rcc_ex.o
LOAD ./Drivers/STM32G4xx_HAL_Driver/stm32g4xx_hal_usart_ex.o
LOAD ./Drivers/STM32G4xx_HAL_Driver/stm32g4xx_ll_gpio.o
LOAD ./Drivers/STM32G4xx_HAL_Driver/stm32g4xx_ll_rcc.o
LOAD ./Drivers/STM32G4xx_HAL_Driver/stm32g4xx_ll_usart.o
LOAD ./Middlewares/OpenBootloader/Core/openbl_core.o
LOAD ./Middlewares/OpenBootloader/Modules/CLASSICCAN/openbl_classiccan_cmd.o
LOAD ./Middlewares/OpenBootloader/Modules/FDCAN/openbl_fdcan_cmd.o
LOAD ./Middlewares/OpenBootloader/Modules/MEM/openbl_mem.o
LOAD ./Middlewares/OpenBootloader/Modules/USART/openbl_usart_cmd.o
START GROUP
LOAD C:/ST/STM32CubeIDE_1.16.0/STM32CubeIDE/plugins/com.st.stm32cube.ide.mcu.externaltools.gnu-tools-for-stm32.12.3.rel1.win32_1.0.200.202406191623/tools/bin/../lib/gcc/arm-none-eabi/12.3.1/../../../../arm-none-eabi/lib/thumb/v7e-m+fp/hard\libc_nano.a
LOAD C:/ST/STM32CubeIDE_1.16.0/STM32CubeIDE/plugins/com.st.stm32cube.ide.mcu.externaltools.gnu-tools-for-stm32.12.3.rel1.win32_1.0.200.202406191623/tools/bin/../lib/gcc/arm-none-eabi/12.3.1/../../../../arm-none-eabi/lib/thumb/v7e-m+fp/hard\libm.a
END GROUP
START GROUP
LOAD C:/ST/STM32CubeIDE_1.16.0/STM32CubeIDE/plugins/com.st.stm32cube.ide.mcu.externaltools.gnu-tools-for-stm32.12.3.rel1.win32_1.0.200.202406191623/tools/bin/../lib/gcc/arm-none-eabi/12.3.1/thumb/v7e-m+fp/hard\libgcc.a
LOAD C:/ST/STM32CubeIDE_1.16.0/STM32CubeIDE/plugins/com.st.stm32cube.ide.mcu.externaltools.gnu-tools-for-stm32.12.3.rel1.win32_1.0.200.202406191623/tools/bin/../lib/gcc/arm-none-eabi/12.3.1/../../../../arm-none-eabi/lib/thumb/v7e-m+fp/hard\libc_nano.a
END GROUP
START GROUP
LOAD C:/ST/STM32CubeIDE_1.16.0/STM32CubeIDE/plugins/com.st.stm32cube.ide.mcu.externaltools.gnu-tools-for-stm32.12.3.rel1.win32_1.0.200.202406191623/tools/bin/../lib/gcc/arm-none-eabi/12.3.1/thumb/v7e-m+fp/hard\libgcc.a
LOAD C:/ST/STM32CubeIDE_1.16.0/STM32CubeIDE/plugins/com.st.stm32cube.ide.mcu.externaltools.gnu-tools-for-stm32.12.3.rel1.win32_1.0.200.202406191623/tools/bin/../lib/gcc/arm-none-eabi/12.3.1/../../../../arm-none-eabi/lib/thumb/v7e-m+fp/hard\libc_nano.a
LOAD C:/ST/STM32CubeIDE_1.16.0/STM32CubeIDE/plugins/com.st.stm32cube.ide.mcu.externaltools.gnu-tools-for-stm32.12.3.rel1.win32_1.0.200.202406191623/tools/bin/../lib/gcc/arm-none-eabi/12.3.1/../../../../arm-none-eabi/lib/thumb/v7e-m+fp/hard\libnosys.a
END GROUP
START GROUP
LOAD C:/ST/STM32CubeIDE_1.16.0/STM32CubeIDE/plugins/com.st.stm32cube.ide.mcu.externaltools.gnu-tools-for-stm32.12.3.rel1.win32_1.0.200.202406191623/tools/bin/../lib/gcc/arm-none-eabi/12.3.1/thumb/v7e-m+fp/hard\libgcc.a
LOAD C:/ST/STM32CubeIDE_1.16.0/STM32CubeIDE/plugins/com.st.stm32cube.ide.mcu.externaltools.gnu-tools-for-stm32.12.3.rel1.win32_1.0.200.202406191623/tools/bin/../lib/gcc/arm-none-eabi/12.3.1/../../../../arm-none-eabi/lib/thumb/v7e-m+fp/hard\libc_nano.a
LOAD C:/ST/STM32CubeIDE_1.16.0/STM32CubeIDE/plugins/com.st.stm32cube.ide.mcu.externaltools.gnu-tools-for-stm32.12.3.rel1.win32_1.0.200.202406191623/tools/bin/../lib/gcc/arm-none-eabi/12.3.1/../../../../arm-none-eabi/lib/thumb/v7e-m+fp/hard\libnosys.a
END GROUP
LOAD C:/ST/STM32CubeIDE_1.16.0/STM32CubeIDE/plugins/com.st.stm32cube.ide.mcu.externaltools.gnu-tools-for-stm32.12.3.rel1.win32_1.0.200.202406191623/tools/bin/../lib/gcc/arm-none-eabi/12.3.1/thumb/v7e-m+fp/hard/crtend.o
LOAD C:/ST/STM32CubeIDE_1.16.0/STM32CubeIDE/plugins/com.st.stm32cube.ide.mcu.externaltools.gnu-tools-for-stm32.12.3.rel1.win32_1.0.200.202406191623/tools/bin/../lib/gcc/arm-none-eabi/12.3.1/thumb/v7e-m+fp/hard/crtn.o
                0x20020000                        _estack = (ORIGIN (RAM) + LENGTH (RAM))
                0x00000200                        _Min_Heap_Size = 0x200
                0x00000400                        _Min_Stack_Size = 0x400

.isr_vector     0x08000000      0x1d8
                0x08000000                        . = ALIGN (0x4)
 *(.isr_vector)
 .isr_vector    0x08000000      0x1d8 ./Application/Startup/startup_stm32g474qetx.o
                0x08000000                g_pfnVectors
                0x080001d8                        . = ALIGN (0x4)

.text           0x080001d8     0x630c
                0x080001d8                        . = ALIGN (0x4)
 *(.text)
 .text          0x080001d8       0x40 C:/ST/STM32CubeIDE_1.16.0/STM32CubeIDE/plugins/com.st.stm32cube.ide.mcu.externaltools.gnu-tools-for-stm32.12.3.rel1.win32_1.0.200.202406191623/tools/bin/../lib/gcc/arm-none-eabi/12.3.1/thumb/v7e-m+fp/hard/crtbegin.o
 *(.text*)
 .text.__NVIC_SystemReset
                0x08000218       0x2c ./Application/Core/main.o
 .text.main     0x08000244       0x24 ./Application/Core/main.o
                0x08000244                main
 .text.SystemClock_Config
                0x08000268       0x9a ./Application/Core/main.o
 .text.System_DeInit
                0x08000302        0xc ./Application/Core/main.o
                0x08000302                System_DeInit
 .text.Error_Handler
                0x0800030e        0x8 ./Application/Core/main.o
                0x0800030e                Error_Handler
 *fill*         0x08000316        0x2 
 .text.MX_GPIO_Init
                0x08000318       0x60 ./Application/Core/main.o
                0x08000318                MX_GPIO_Init
 .text.toggleLEDnonblocking
                0x08000378       0x3c ./Application/Core/main.o
                0x08000378                toggleLEDnonblocking
 .text.LL_AHB2_GRP1_EnableClock
                0x080003b4       0x30 ./Application/Core/stm32g4xx_hal_msp.o
 .text.LL_APB1_GRP1_EnableClock
                0x080003e4       0x30 ./Application/Core/stm32g4xx_hal_msp.o
 .text.HAL_MspInit
                0x08000414        0xe ./Application/Core/stm32g4xx_hal_msp.o
                0x08000414                HAL_MspInit
 *fill*         0x08000422        0x2 
 .text.HAL_FDCAN_MspInit
                0x08000424       0x70 ./Application/Core/stm32g4xx_hal_msp.o
                0x08000424                HAL_FDCAN_MspInit
 .text.NMI_Handler
                0x08000494        0xe ./Application/Core/stm32g4xx_it.o
                0x08000494                NMI_Handler
 .text.HardFault_Handler
                0x080004a2        0x8 ./Application/Core/stm32g4xx_it.o
                0x080004a2                HardFault_Handler
 .text.MemManage_Handler
                0x080004aa        0x8 ./Application/Core/stm32g4xx_it.o
                0x080004aa                MemManage_Handler
 .text.BusFault_Handler
                0x080004b2        0x8 ./Application/Core/stm32g4xx_it.o
                0x080004b2                BusFault_Handler
 .text.UsageFault_Handler
                0x080004ba        0x8 ./Application/Core/stm32g4xx_it.o
                0x080004ba                UsageFault_Handler
 .text.SVC_Handler
                0x080004c2        0xe ./Application/Core/stm32g4xx_it.o
                0x080004c2                SVC_Handler
 .text.DebugMon_Handler
                0x080004d0        0xe ./Application/Core/stm32g4xx_it.o
                0x080004d0                DebugMon_Handler
 .text.PendSV_Handler
                0x080004de        0xe ./Application/Core/stm32g4xx_it.o
                0x080004de                PendSV_Handler
 .text.SysTick_Handler
                0x080004ec        0xc ./Application/Core/stm32g4xx_it.o
                0x080004ec                SysTick_Handler
 .text.OpenBootloader_Init
                0x080004f8       0xa8 ./Application/OpenBootloader/App/app_openbootloader.o
                0x080004f8                OpenBootloader_Init
 .text.OpenBootloader_DeInit
                0x080005a0        0xc ./Application/OpenBootloader/App/app_openbootloader.o
                0x080005a0                OpenBootloader_DeInit
 .text.OpenBootloader_ProtocolDetection
                0x080005ac       0x2c ./Application/OpenBootloader/App/app_openbootloader.o
                0x080005ac                OpenBootloader_ProtocolDetection
 .text.OPENBL_CLASSICCAN_Init
                0x080005d8      0x104 ./Application/OpenBootloader/Target/classiccan_interface.o
 .text.OPENBL_CLASSICCAN_Configuration
                0x080006dc        0xc ./Application/OpenBootloader/Target/classiccan_interface.o
                0x080006dc                OPENBL_CLASSICCAN_Configuration
 .text.OPENBL_CLASSICCAN_ProtocolDetection
                0x080006e8       0x2c ./Application/OpenBootloader/Target/classiccan_interface.o
                0x080006e8                OPENBL_CLASSICCAN_ProtocolDetection
 .text.OPENBL_CLASSICCAN_GetCommandOpcode
                0x08000714       0x64 ./Application/OpenBootloader/Target/classiccan_interface.o
                0x08000714                OPENBL_CLASSICCAN_GetCommandOpcode
 .text.OPENBL_CLASSICCAN_ReadBytes
                0x08000778       0x44 ./Application/OpenBootloader/Target/classiccan_interface.o
                0x08000778                OPENBL_CLASSICCAN_ReadBytes
 .text.OPENBL_CLASSICCAN_SendByte
                0x080007bc       0x5c ./Application/OpenBootloader/Target/classiccan_interface.o
                0x080007bc                OPENBL_CLASSICCAN_SendByte
 .text.OPENBL_CLASSICCAN_SendBytes
                0x08000818       0x5c ./Application/OpenBootloader/Target/classiccan_interface.o
                0x08000818                OPENBL_CLASSICCAN_SendBytes
 .text.Common_SetMsp
                0x08000874       0x20 ./Application/OpenBootloader/Target/common_interface.o
                0x08000874                Common_SetMsp
 .text.Common_EnableIrq
                0x08000894       0x12 ./Application/OpenBootloader/Target/common_interface.o
                0x08000894                Common_EnableIrq
 .text.OPENBL_FLASH_Unlock
                0x080008a6        0xc ./Application/OpenBootloader/Target/flash_interface.o
                0x080008a6                OPENBL_FLASH_Unlock
 .text.OPENBL_FLASH_Lock
                0x080008b2        0xc ./Application/OpenBootloader/Target/flash_interface.o
                0x080008b2                OPENBL_FLASH_Lock
 .text.OPENBL_FLASH_OB_Unlock
                0x080008be       0x10 ./Application/OpenBootloader/Target/flash_interface.o
                0x080008be                OPENBL_FLASH_OB_Unlock
 .text.OPENBL_FLASH_OB_Launch
                0x080008ce        0xc ./Application/OpenBootloader/Target/flash_interface.o
                0x080008ce                OPENBL_FLASH_OB_Launch
 .text.OPENBL_FLASH_Read
                0x080008da       0x18 ./Application/OpenBootloader/Target/flash_interface.o
                0x080008da                OPENBL_FLASH_Read
 .text.OPENBL_FLASH_Write
                0x080008f2       0x62 ./Application/OpenBootloader/Target/flash_interface.o
                0x080008f2                OPENBL_FLASH_Write
 .text.OPENBL_FLASH_JumpToAddress
                0x08000954       0x2e ./Application/OpenBootloader/Target/flash_interface.o
                0x08000954                OPENBL_FLASH_JumpToAddress
 .text.OPENBL_FLASH_GetReadOutProtectionLevel
                0x08000982       0x18 ./Application/OpenBootloader/Target/flash_interface.o
                0x08000982                OPENBL_FLASH_GetReadOutProtectionLevel
 *fill*         0x0800099a        0x2 
 .text.OPENBL_FLASH_SetReadOutProtectionLevel
                0x0800099c       0x88 ./Application/OpenBootloader/Target/flash_interface.o
                0x0800099c                OPENBL_FLASH_SetReadOutProtectionLevel
 .text.OPENBL_FLASH_SetWriteProtection
                0x08000a24       0x3c ./Application/OpenBootloader/Target/flash_interface.o
                0x08000a24                OPENBL_FLASH_SetWriteProtection
 .text.OPENBL_FLASH_Erase
                0x08000a60       0xe8 ./Application/OpenBootloader/Target/flash_interface.o
                0x08000a60                OPENBL_FLASH_Erase
 .text.OPENBL_FLASH_ProgramDoubleWord
                0x08000b48       0x38 ./Application/OpenBootloader/Target/flash_interface.o
 .text.OPENBL_FLASH_EnableWriteProtection
                0x08000b80      0x108 ./Application/OpenBootloader/Target/flash_interface.o
 .text.OPENBL_FLASH_DisableWriteProtection
                0x08000c88       0xa4 ./Application/OpenBootloader/Target/flash_interface.o
 .text.OPENBL_IWDG_Configuration
                0x08000d2c       0x48 ./Application/OpenBootloader/Target/iwdg_interface.o
                0x08000d2c                OPENBL_IWDG_Configuration
 .text.OPENBL_IWDG_Refresh
                0x08000d74       0x1c ./Application/OpenBootloader/Target/iwdg_interface.o
                0x08000d74                OPENBL_IWDG_Refresh
 .text.OPENBL_OB_Read
                0x08000d90       0x18 ./Application/OpenBootloader/Target/optionbytes_interface.o
                0x08000d90                OPENBL_OB_Read
 .text.OPENBL_OB_Write
                0x08000da8      0x1c0 ./Application/OpenBootloader/Target/optionbytes_interface.o
                0x08000da8                OPENBL_OB_Write
 .text.OPENBL_OTP_Read
                0x08000f68       0x18 ./Application/OpenBootloader/Target/otp_interface.o
                0x08000f68                OPENBL_OTP_Read
 .text.OPENBL_OTP_Write
                0x08000f80       0x7c ./Application/OpenBootloader/Target/otp_interface.o
                0x08000f80                OPENBL_OTP_Write
 .text.OPENBL_OTP_ProgramDoubleWord
                0x08000ffc       0x20 ./Application/OpenBootloader/Target/otp_interface.o
 .text.OPENBL_RAM_Read
                0x0800101c       0x18 ./Application/OpenBootloader/Target/ram_interface.o
                0x0800101c                OPENBL_RAM_Read
 .text.OPENBL_RAM_Write
                0x08001034       0x5a ./Application/OpenBootloader/Target/ram_interface.o
                0x08001034                OPENBL_RAM_Write
 .text.OPENBL_RAM_JumpToAddress
                0x0800108e       0x2e ./Application/OpenBootloader/Target/ram_interface.o
                0x0800108e                OPENBL_RAM_JumpToAddress
 .text.OPENBL_ICP_Read
                0x080010bc       0x18 ./Application/OpenBootloader/Target/systemmemory_interface.o
                0x080010bc                OPENBL_ICP_Read
 .text.LL_USART_Enable
                0x080010d4       0x20 ./Application/OpenBootloader/Target/usart_interface.o
 .text.LL_USART_EnableAutoBaudRate
                0x080010f4       0x20 ./Application/OpenBootloader/Target/usart_interface.o
 .text.LL_USART_SetAutoBaudRateMode
                0x08001114       0x26 ./Application/OpenBootloader/Target/usart_interface.o
 .text.LL_USART_IsActiveFlag_RXNE_RXFNE
                0x0800113a       0x26 ./Application/OpenBootloader/Target/usart_interface.o
 .text.LL_USART_IsActiveFlag_TC
                0x08001160       0x26 ./Application/OpenBootloader/Target/usart_interface.o
 .text.LL_USART_ReceiveData8
                0x08001186       0x1a ./Application/OpenBootloader/Target/usart_interface.o
 .text.LL_USART_TransmitData8
                0x080011a0       0x1e ./Application/OpenBootloader/Target/usart_interface.o
 *fill*         0x080011be        0x2 
 .text.OPENBL_USART_Init
                0x080011c0       0x58 ./Application/OpenBootloader/Target/usart_interface.o
 .text.OPENBL_USART_Configuration
                0x08001218       0x80 ./Application/OpenBootloader/Target/usart_interface.o
                0x08001218                OPENBL_USART_Configuration
 .text.OPENBL_USART_ProtocolDetection
                0x08001298       0x40 ./Application/OpenBootloader/Target/usart_interface.o
                0x08001298                OPENBL_USART_ProtocolDetection
 .text.OPENBL_USART_GetCommandOpcode
                0x080012d8       0x32 ./Application/OpenBootloader/Target/usart_interface.o
                0x080012d8                OPENBL_USART_GetCommandOpcode
 *fill*         0x0800130a        0x2 
 .text.OPENBL_USART_ReadByte
                0x0800130c       0x28 ./Application/OpenBootloader/Target/usart_interface.o
                0x0800130c                OPENBL_USART_ReadByte
 .text.OPENBL_USART_SendByte
                0x08001334       0x30 ./Application/OpenBootloader/Target/usart_interface.o
                0x08001334                OPENBL_USART_SendByte
 .text.Reset_Handler
                0x08001364       0x50 ./Application/Startup/startup_stm32g474qetx.o
                0x08001364                Reset_Handler
 .text.Default_Handler
                0x080013b4        0x2 ./Application/Startup/startup_stm32g474qetx.o
                0x080013b4                RTC_Alarm_IRQHandler
                0x080013b4                EXTI2_IRQHandler
                0x080013b4                TIM8_TRG_COM_IRQHandler
                0x080013b4                TIM8_CC_IRQHandler
                0x080013b4                HRTIM1_Master_IRQHandler
                0x080013b4                SPI4_IRQHandler
                0x080013b4                FDCAN3_IT0_IRQHandler
                0x080013b4                TIM1_CC_IRQHandler
                0x080013b4                HRTIM1_FLT_IRQHandler
                0x080013b4                HRTIM1_TIMF_IRQHandler
                0x080013b4                USB_HP_IRQHandler
                0x080013b4                CORDIC_IRQHandler
                0x080013b4                HRTIM1_TIMD_IRQHandler
                0x080013b4                DMA2_Channel8_IRQHandler
                0x080013b4                EXTI3_IRQHandler
                0x080013b4                I2C3_ER_IRQHandler
                0x080013b4                EXTI0_IRQHandler
                0x080013b4                I2C2_EV_IRQHandler
                0x080013b4                FPU_IRQHandler
                0x080013b4                FDCAN1_IT1_IRQHandler
                0x080013b4                TIM1_UP_TIM16_IRQHandler
                0x080013b4                ADC1_2_IRQHandler
                0x080013b4                HRTIM1_TIME_IRQHandler
                0x080013b4                SPI1_IRQHandler
                0x080013b4                TIM6_DAC_IRQHandler
                0x080013b4                HRTIM1_TIMC_IRQHandler
                0x080013b4                TIM8_UP_IRQHandler
                0x080013b4                DMA2_Channel2_IRQHandler
                0x080013b4                DMA1_Channel4_IRQHandler
                0x080013b4                TIM20_TRG_COM_IRQHandler
                0x080013b4                USART3_IRQHandler
                0x080013b4                DMA1_Channel7_IRQHandler
                0x080013b4                UART5_IRQHandler
                0x080013b4                ADC3_IRQHandler
                0x080013b4                TIM4_IRQHandler
                0x080013b4                DMA2_Channel1_IRQHandler
                0x080013b4                QUADSPI_IRQHandler
                0x080013b4                I2C1_EV_IRQHandler
                0x080013b4                DMA1_Channel6_IRQHandler
                0x080013b4                UART4_IRQHandler
                0x080013b4                DMA2_Channel4_IRQHandler
                0x080013b4                TIM3_IRQHandler
                0x080013b4                RCC_IRQHandler
                0x080013b4                TIM20_UP_IRQHandler
                0x080013b4                DMA1_Channel1_IRQHandler
                0x080013b4                Default_Handler
                0x080013b4                DMA2_Channel7_IRQHandler
                0x080013b4                RTC_TAMP_LSECSS_IRQHandler
                0x080013b4                FMAC_IRQHandler
                0x080013b4                EXTI15_10_IRQHandler
                0x080013b4                DMA1_Channel8_IRQHandler
                0x080013b4                HRTIM1_TIMA_IRQHandler
                0x080013b4                TIM7_DAC_IRQHandler
                0x080013b4                FDCAN3_IT1_IRQHandler
                0x080013b4                TIM5_IRQHandler
                0x080013b4                UCPD1_IRQHandler
                0x080013b4                I2C3_EV_IRQHandler
                0x080013b4                EXTI9_5_IRQHandler
                0x080013b4                RTC_WKUP_IRQHandler
                0x080013b4                PVD_PVM_IRQHandler
                0x080013b4                SPI2_IRQHandler
                0x080013b4                ADC5_IRQHandler
                0x080013b4                DMA2_Channel5_IRQHandler
                0x080013b4                CRS_IRQHandler
                0x080013b4                DMA1_Channel5_IRQHandler
                0x080013b4                USB_LP_IRQHandler
                0x080013b4                EXTI4_IRQHandler
                0x080013b4                RNG_IRQHandler
                0x080013b4                HRTIM1_TIMB_IRQHandler
                0x080013b4                TIM1_TRG_COM_TIM17_IRQHandler
                0x080013b4                FDCAN2_IT1_IRQHandler
                0x080013b4                DMA1_Channel3_IRQHandler
                0x080013b4                ADC4_IRQHandler
                0x080013b4                WWDG_IRQHandler
                0x080013b4                I2C4_EV_IRQHandler
                0x080013b4                FDCAN2_IT0_IRQHandler
                0x080013b4                LPUART1_IRQHandler
                0x080013b4                DMA2_Channel6_IRQHandler
                0x080013b4                FDCAN1_IT0_IRQHandler
                0x080013b4                TIM2_IRQHandler
                0x080013b4                COMP7_IRQHandler
                0x080013b4                COMP1_2_3_IRQHandler
                0x080013b4                EXTI1_IRQHandler
                0x080013b4                USART2_IRQHandler
                0x080013b4                COMP4_5_6_IRQHandler
                0x080013b4                TIM20_BRK_IRQHandler
                0x080013b4                I2C2_ER_IRQHandler
                0x080013b4                DMA1_Channel2_IRQHandler
                0x080013b4                TIM8_BRK_IRQHandler
                0x080013b4                FLASH_IRQHandler
                0x080013b4                TIM20_CC_IRQHandler
                0x080013b4                USART1_IRQHandler
                0x080013b4                SPI3_IRQHandler
                0x080013b4                I2C1_ER_IRQHandler
                0x080013b4                FMC_IRQHandler
                0x080013b4                LPTIM1_IRQHandler
                0x080013b4                DMAMUX_OVR_IRQHandler
                0x080013b4                I2C4_ER_IRQHandler
                0x080013b4                USBWakeUp_IRQHandler
                0x080013b4                SAI1_IRQHandler
                0x080013b4                DMA2_Channel3_IRQHandler
                0x080013b4                TIM1_BRK_TIM15_IRQHandler
 *fill*         0x080013b6        0x2 
 .text.SystemInit
                0x080013b8       0x2c ./Drivers/CMSIS/system_stm32g4xx.o
                0x080013b8                SystemInit
 .text.HAL_Init
                0x080013e4       0x30 ./Drivers/STM32G4xx_HAL_Driver/stm32g4xx_hal.o
                0x080013e4                HAL_Init
 .text.HAL_InitTick
                0x08001414       0x74 ./Drivers/STM32G4xx_HAL_Driver/stm32g4xx_hal.o
                0x08001414                HAL_InitTick
 .text.HAL_IncTick
                0x08001488       0x24 ./Drivers/STM32G4xx_HAL_Driver/stm32g4xx_hal.o
                0x08001488                HAL_IncTick
 .text.HAL_GetTick
                0x080014ac       0x18 ./Drivers/STM32G4xx_HAL_Driver/stm32g4xx_hal.o
                0x080014ac                HAL_GetTick
 .text.__NVIC_SetPriorityGrouping
                0x080014c4       0x48 ./Drivers/STM32G4xx_HAL_Driver/stm32g4xx_hal_cortex.o
 .text.__NVIC_GetPriorityGrouping
                0x0800150c       0x1c ./Drivers/STM32G4xx_HAL_Driver/stm32g4xx_hal_cortex.o
 .text.__NVIC_SetPriority
                0x08001528       0x54 ./Drivers/STM32G4xx_HAL_Driver/stm32g4xx_hal_cortex.o
 .text.NVIC_EncodePriority
                0x0800157c       0x66 ./Drivers/STM32G4xx_HAL_Driver/stm32g4xx_hal_cortex.o
 *fill*         0x080015e2        0x2 
 .text.SysTick_Config
                0x080015e4       0x44 ./Drivers/STM32G4xx_HAL_Driver/stm32g4xx_hal_cortex.o
 .text.HAL_NVIC_SetPriorityGrouping
                0x08001628       0x16 ./Drivers/STM32G4xx_HAL_Driver/stm32g4xx_hal_cortex.o
                0x08001628                HAL_NVIC_SetPriorityGrouping
 .text.HAL_NVIC_SetPriority
                0x0800163e       0x34 ./Drivers/STM32G4xx_HAL_Driver/stm32g4xx_hal_cortex.o
                0x0800163e                HAL_NVIC_SetPriority
 .text.HAL_SYSTICK_Config
                0x08001672       0x18 ./Drivers/STM32G4xx_HAL_Driver/stm32g4xx_hal_cortex.o
                0x08001672                HAL_SYSTICK_Config
 *fill*         0x0800168a        0x2 
 .text.HAL_FDCAN_Init
                0x0800168c      0x2b4 ./Drivers/STM32G4xx_HAL_Driver/stm32g4xx_hal_fdcan.o
                0x0800168c                HAL_FDCAN_Init
 .text.HAL_FDCAN_ConfigFilter
                0x08001940       0xb4 ./Drivers/STM32G4xx_HAL_Driver/stm32g4xx_hal_fdcan.o
                0x08001940                HAL_FDCAN_ConfigFilter
 .text.HAL_FDCAN_Start
                0x080019f4       0x50 ./Drivers/STM32G4xx_HAL_Driver/stm32g4xx_hal_fdcan.o
                0x080019f4                HAL_FDCAN_Start
 .text.HAL_FDCAN_AddMessageToTxFifoQ
                0x08001a44       0x88 ./Drivers/STM32G4xx_HAL_Driver/stm32g4xx_hal_fdcan.o
                0x08001a44                HAL_FDCAN_AddMessageToTxFifoQ
 .text.HAL_FDCAN_GetRxMessage
                0x08001acc      0x210 ./Drivers/STM32G4xx_HAL_Driver/stm32g4xx_hal_fdcan.o
                0x08001acc                HAL_FDCAN_GetRxMessage
 .text.HAL_FDCAN_GetRxFifoFillLevel
                0x08001cdc       0x3c ./Drivers/STM32G4xx_HAL_Driver/stm32g4xx_hal_fdcan.o
                0x08001cdc                HAL_FDCAN_GetRxFifoFillLevel
 .text.HAL_FDCAN_GetTxFifoFreeLevel
                0x08001d18       0x24 ./Drivers/STM32G4xx_HAL_Driver/stm32g4xx_hal_fdcan.o
                0x08001d18                HAL_FDCAN_GetTxFifoFreeLevel
 .text.FDCAN_CalcultateRamBlockAddresses
                0x08001d3c       0xd8 ./Drivers/STM32G4xx_HAL_Driver/stm32g4xx_hal_fdcan.o
 .text.FDCAN_CopyMessageToRAM
                0x08001e14       0xf8 ./Drivers/STM32G4xx_HAL_Driver/stm32g4xx_hal_fdcan.o
 .text.HAL_FLASH_Program
                0x08001f0c       0xd8 ./Drivers/STM32G4xx_HAL_Driver/stm32g4xx_hal_flash.o
                0x08001f0c                HAL_FLASH_Program
 .text.HAL_FLASH_Unlock
                0x08001fe4       0x44 ./Drivers/STM32G4xx_HAL_Driver/stm32g4xx_hal_flash.o
                0x08001fe4                HAL_FLASH_Unlock
 .text.HAL_FLASH_Lock
                0x08002028       0x34 ./Drivers/STM32G4xx_HAL_Driver/stm32g4xx_hal_flash.o
                0x08002028                HAL_FLASH_Lock
 .text.HAL_FLASH_OB_Unlock
                0x0800205c       0x4c ./Drivers/STM32G4xx_HAL_Driver/stm32g4xx_hal_flash.o
                0x0800205c                HAL_FLASH_OB_Unlock
 .text.HAL_FLASH_OB_Launch
                0x080020a8       0x24 ./Drivers/STM32G4xx_HAL_Driver/stm32g4xx_hal_flash.o
                0x080020a8                HAL_FLASH_OB_Launch
 .text.FLASH_WaitForLastOperation
                0x080020cc       0xa4 ./Drivers/STM32G4xx_HAL_Driver/stm32g4xx_hal_flash.o
                0x080020cc                FLASH_WaitForLastOperation
 .text.FLASH_Program_DoubleWord
                0x08002170       0x4c ./Drivers/STM32G4xx_HAL_Driver/stm32g4xx_hal_flash.o
 .text.FLASH_Program_Fast
                0x080021bc       0x6c ./Drivers/STM32G4xx_HAL_Driver/stm32g4xx_hal_flash.o
 .text.HAL_FLASHEx_Erase
                0x08002228      0x138 ./Drivers/STM32G4xx_HAL_Driver/stm32g4xx_hal_flash_ex.o
                0x08002228                HAL_FLASHEx_Erase
 .text.HAL_FLASHEx_OBProgram
                0x08002360      0x120 ./Drivers/STM32G4xx_HAL_Driver/stm32g4xx_hal_flash_ex.o
                0x08002360                HAL_FLASHEx_OBProgram
 .text.HAL_FLASHEx_OBGetConfig
                0x08002480       0xde ./Drivers/STM32G4xx_HAL_Driver/stm32g4xx_hal_flash_ex.o
                0x08002480                HAL_FLASHEx_OBGetConfig
 *fill*         0x0800255e        0x2 
 .text.FLASH_MassErase
                0x08002560       0x70 ./Drivers/STM32G4xx_HAL_Driver/stm32g4xx_hal_flash_ex.o
 .text.FLASH_PageErase
                0x080025d0       0x88 ./Drivers/STM32G4xx_HAL_Driver/stm32g4xx_hal_flash_ex.o
                0x080025d0                FLASH_PageErase
 .text.FLASH_FlushCaches
                0x08002658       0x94 ./Drivers/STM32G4xx_HAL_Driver/stm32g4xx_hal_flash_ex.o
                0x08002658                FLASH_FlushCaches
 .text.FLASH_OB_WRPConfig
                0x080026ec       0x94 ./Drivers/STM32G4xx_HAL_Driver/stm32g4xx_hal_flash_ex.o
 .text.FLASH_OB_RDPConfig
                0x08002780       0x50 ./Drivers/STM32G4xx_HAL_Driver/stm32g4xx_hal_flash_ex.o
 .text.FLASH_OB_UserConfig
                0x080027d0      0x240 ./Drivers/STM32G4xx_HAL_Driver/stm32g4xx_hal_flash_ex.o
 .text.FLASH_OB_PCROPConfig
                0x08002a10      0x1f4 ./Drivers/STM32G4xx_HAL_Driver/stm32g4xx_hal_flash_ex.o
 .text.FLASH_OB_SecMemConfig
                0x08002c04       0x70 ./Drivers/STM32G4xx_HAL_Driver/stm32g4xx_hal_flash_ex.o
 .text.FLASH_OB_BootLockConfig
                0x08002c74       0x50 ./Drivers/STM32G4xx_HAL_Driver/stm32g4xx_hal_flash_ex.o
 .text.FLASH_OB_GetSecMem
                0x08002cc4       0x3c ./Drivers/STM32G4xx_HAL_Driver/stm32g4xx_hal_flash_ex.o
 .text.FLASH_OB_GetBootLock
                0x08002d00       0x1c ./Drivers/STM32G4xx_HAL_Driver/stm32g4xx_hal_flash_ex.o
 .text.FLASH_OB_GetWRP
                0x08002d1c       0xa4 ./Drivers/STM32G4xx_HAL_Driver/stm32g4xx_hal_flash_ex.o
 .text.FLASH_OB_GetRDP
                0x08002dc0       0x30 ./Drivers/STM32G4xx_HAL_Driver/stm32g4xx_hal_flash_ex.o
 .text.FLASH_OB_GetUser
                0x08002df0       0x28 ./Drivers/STM32G4xx_HAL_Driver/stm32g4xx_hal_flash_ex.o
 .text.FLASH_OB_GetPCROP
                0x08002e18      0x190 ./Drivers/STM32G4xx_HAL_Driver/stm32g4xx_hal_flash_ex.o
 .text.HAL_GPIO_Init
                0x08002fa8      0x304 ./Drivers/STM32G4xx_HAL_Driver/stm32g4xx_hal_gpio.o
                0x08002fa8                HAL_GPIO_Init
 .text.HAL_GPIO_WritePin
                0x080032ac       0x30 ./Drivers/STM32G4xx_HAL_Driver/stm32g4xx_hal_gpio.o
                0x080032ac                HAL_GPIO_WritePin
 .text.HAL_GPIO_TogglePin
                0x080032dc       0x34 ./Drivers/STM32G4xx_HAL_Driver/stm32g4xx_hal_gpio.o
                0x080032dc                HAL_GPIO_TogglePin
 .text.HAL_IWDG_Refresh
                0x08003310       0x20 ./Drivers/STM32G4xx_HAL_Driver/stm32g4xx_hal_iwdg.o
                0x08003310                HAL_IWDG_Refresh
 .text.HAL_PWREx_ControlVoltageScaling
                0x08003330      0x148 ./Drivers/STM32G4xx_HAL_Driver/stm32g4xx_hal_pwr_ex.o
                0x08003330                HAL_PWREx_ControlVoltageScaling
 .text.HAL_RCC_DeInit
                0x08003478      0x104 ./Drivers/STM32G4xx_HAL_Driver/stm32g4xx_hal_rcc.o
                0x08003478                HAL_RCC_DeInit
 .text.HAL_RCC_OscConfig
                0x0800357c      0x624 ./Drivers/STM32G4xx_HAL_Driver/stm32g4xx_hal_rcc.o
                0x0800357c                HAL_RCC_OscConfig
 .text.HAL_RCC_ClockConfig
                0x08003ba0      0x278 ./Drivers/STM32G4xx_HAL_Driver/stm32g4xx_hal_rcc.o
                0x08003ba0                HAL_RCC_ClockConfig
 .text.HAL_RCC_GetSysClockFreq
                0x08003e18       0xc4 ./Drivers/STM32G4xx_HAL_Driver/stm32g4xx_hal_rcc.o
                0x08003e18                HAL_RCC_GetSysClockFreq
 .text.RCC_GetSysClockFreqFromPLLSource
                0x08003edc       0x8c ./Drivers/STM32G4xx_HAL_Driver/stm32g4xx_hal_rcc.o
 .text.HAL_RCCEx_PeriphCLKConfig
                0x08003f68      0x49c ./Drivers/STM32G4xx_HAL_Driver/stm32g4xx_hal_rcc_ex.o
                0x08003f68                HAL_RCCEx_PeriphCLKConfig
 .text.LL_GPIO_SetPinMode
                0x08004404       0x7a ./Drivers/STM32G4xx_HAL_Driver/stm32g4xx_ll_gpio.o
 .text.LL_GPIO_SetPinOutputType
                0x0800447e       0x30 ./Drivers/STM32G4xx_HAL_Driver/stm32g4xx_ll_gpio.o
 .text.LL_GPIO_SetPinSpeed
                0x080044ae       0x7a ./Drivers/STM32G4xx_HAL_Driver/stm32g4xx_ll_gpio.o
 .text.LL_GPIO_SetPinPull
                0x08004528       0x7a ./Drivers/STM32G4xx_HAL_Driver/stm32g4xx_ll_gpio.o
 .text.LL_GPIO_SetAFPin_0_7
                0x080045a2       0x7a ./Drivers/STM32G4xx_HAL_Driver/stm32g4xx_ll_gpio.o
 .text.LL_GPIO_SetAFPin_8_15
                0x0800461c       0x7e ./Drivers/STM32G4xx_HAL_Driver/stm32g4xx_ll_gpio.o
 .text.LL_GPIO_Init
                0x0800469a       0xdc ./Drivers/STM32G4xx_HAL_Driver/stm32g4xx_ll_gpio.o
                0x0800469a                LL_GPIO_Init
 *fill*         0x08004776        0x2 
 .text.LL_RCC_HSI_IsReady
                0x08004778       0x28 ./Drivers/STM32G4xx_HAL_Driver/stm32g4xx_ll_rcc.o
 .text.LL_RCC_LSE_IsReady
                0x080047a0       0x28 ./Drivers/STM32G4xx_HAL_Driver/stm32g4xx_ll_rcc.o
 .text.LL_RCC_GetSysClkSource
                0x080047c8       0x1c ./Drivers/STM32G4xx_HAL_Driver/stm32g4xx_ll_rcc.o
 .text.LL_RCC_GetAHBPrescaler
                0x080047e4       0x1c ./Drivers/STM32G4xx_HAL_Driver/stm32g4xx_ll_rcc.o
 .text.LL_RCC_GetAPB1Prescaler
                0x08004800       0x1c ./Drivers/STM32G4xx_HAL_Driver/stm32g4xx_ll_rcc.o
 .text.LL_RCC_GetAPB2Prescaler
                0x0800481c       0x1c ./Drivers/STM32G4xx_HAL_Driver/stm32g4xx_ll_rcc.o
 .text.LL_RCC_GetUSARTClockSource
                0x08004838       0x28 ./Drivers/STM32G4xx_HAL_Driver/stm32g4xx_ll_rcc.o
 .text.LL_RCC_GetUARTClockSource
                0x08004860       0x28 ./Drivers/STM32G4xx_HAL_Driver/stm32g4xx_ll_rcc.o
 .text.LL_RCC_PLL_GetMainSource
                0x08004888       0x1c ./Drivers/STM32G4xx_HAL_Driver/stm32g4xx_ll_rcc.o
 .text.LL_RCC_PLL_GetN
                0x080048a4       0x1c ./Drivers/STM32G4xx_HAL_Driver/stm32g4xx_ll_rcc.o
 .text.LL_RCC_PLL_GetR
                0x080048c0       0x1c ./Drivers/STM32G4xx_HAL_Driver/stm32g4xx_ll_rcc.o
 .text.LL_RCC_PLL_GetDivider
                0x080048dc       0x1c ./Drivers/STM32G4xx_HAL_Driver/stm32g4xx_ll_rcc.o
 .text.LL_RCC_GetUSARTClockFreq
                0x080048f8      0x188 ./Drivers/STM32G4xx_HAL_Driver/stm32g4xx_ll_rcc.o
                0x080048f8                LL_RCC_GetUSARTClockFreq
 .text.LL_RCC_GetUARTClockFreq
                0x08004a80      0x10c ./Drivers/STM32G4xx_HAL_Driver/stm32g4xx_ll_rcc.o
                0x08004a80                LL_RCC_GetUARTClockFreq
 .text.RCC_GetSystemClockFreq
                0x08004b8c       0x4c ./Drivers/STM32G4xx_HAL_Driver/stm32g4xx_ll_rcc.o
 .text.RCC_GetHCLKClockFreq
                0x08004bd8       0x30 ./Drivers/STM32G4xx_HAL_Driver/stm32g4xx_ll_rcc.o
 .text.RCC_GetPCLK1ClockFreq
                0x08004c08       0x2c ./Drivers/STM32G4xx_HAL_Driver/stm32g4xx_ll_rcc.o
 .text.RCC_GetPCLK2ClockFreq
                0x08004c34       0x2c ./Drivers/STM32G4xx_HAL_Driver/stm32g4xx_ll_rcc.o
 .text.RCC_PLL_GetFreqDomain_SYS
                0x08004c60       0x68 ./Drivers/STM32G4xx_HAL_Driver/stm32g4xx_ll_rcc.o
 .text.LL_USART_IsEnabled
                0x08004cc8       0x26 ./Drivers/STM32G4xx_HAL_Driver/stm32g4xx_ll_usart.o
 .text.LL_USART_SetPrescaler
                0x08004cee       0x28 ./Drivers/STM32G4xx_HAL_Driver/stm32g4xx_ll_usart.o
 .text.LL_USART_SetStopBitsLength
                0x08004d16       0x26 ./Drivers/STM32G4xx_HAL_Driver/stm32g4xx_ll_usart.o
 .text.LL_USART_SetHWFlowCtrl
                0x08004d3c       0x26 ./Drivers/STM32G4xx_HAL_Driver/stm32g4xx_ll_usart.o
 *fill*         0x08004d62        0x2 
 .text.LL_USART_SetBaudRate
                0x08004d64       0xa0 ./Drivers/STM32G4xx_HAL_Driver/stm32g4xx_ll_usart.o
 .text.LL_USART_Init
                0x08004e04      0x10c ./Drivers/STM32G4xx_HAL_Driver/stm32g4xx_ll_usart.o
                0x08004e04                LL_USART_Init
 .text.OPENBL_Init
                0x08004f10       0x48 ./Middlewares/OpenBootloader/Core/openbl_core.o
                0x08004f10                OPENBL_Init
 .text.OPENBL_RegisterInterface
                0x08004f58       0x58 ./Middlewares/OpenBootloader/Core/openbl_core.o
                0x08004f58                OPENBL_RegisterInterface
 .text.OPENBL_InterfaceDetection
                0x08004fb0       0x68 ./Middlewares/OpenBootloader/Core/openbl_core.o
                0x08004fb0                OPENBL_InterfaceDetection
 .text.OPENBL_CommandProcess
                0x08005018      0x498 ./Middlewares/OpenBootloader/Core/openbl_core.o
                0x08005018                OPENBL_CommandProcess
 .text.OPENBL_CLASSICCAN_GetCommandsList
                0x080054b0       0x14 ./Middlewares/OpenBootloader/Modules/CLASSICCAN/openbl_classiccan_cmd.o
                0x080054b0                OPENBL_CLASSICCAN_GetCommandsList
 .text.OPENBL_CLASSICCAN_GetCommand
                0x080054c4       0x5c ./Middlewares/OpenBootloader/Modules/CLASSICCAN/openbl_classiccan_cmd.o
 .text.OPENBL_CLASSICCAN_GetVersion
                0x08005520       0x34 ./Middlewares/OpenBootloader/Modules/CLASSICCAN/openbl_classiccan_cmd.o
 .text.OPENBL_CLASSICCAN_GetID
                0x08005554       0x2c ./Middlewares/OpenBootloader/Modules/CLASSICCAN/openbl_classiccan_cmd.o
 .text.OPENBL_CLASSICCAN_ReadMemory
                0x08005580       0xfc ./Middlewares/OpenBootloader/Modules/CLASSICCAN/openbl_classiccan_cmd.o
 .text.OPENBL_CLASSICCAN_WriteMemory
                0x0800567c       0xd4 ./Middlewares/OpenBootloader/Modules/CLASSICCAN/openbl_classiccan_cmd.o
 .text.OPENBL_CLASSICCAN_Go
                0x08005750       0x68 ./Middlewares/OpenBootloader/Modules/CLASSICCAN/openbl_classiccan_cmd.o
 .text.OPENBL_CLASSICCAN_ReadoutProtect
                0x080057b8       0x30 ./Middlewares/OpenBootloader/Modules/CLASSICCAN/openbl_classiccan_cmd.o
 .text.OPENBL_CLASSICCAN_ReadoutUnprotect
                0x080057e8       0x1e ./Middlewares/OpenBootloader/Modules/CLASSICCAN/openbl_classiccan_cmd.o
 *fill*         0x08005806        0x2 
 .text.OPENBL_CLASSICCAN_EraseMemory
                0x08005808       0xe8 ./Middlewares/OpenBootloader/Modules/CLASSICCAN/openbl_classiccan_cmd.o
 .text.OPENBL_CLASSICCAN_WriteProtect
                0x080058f0       0x58 ./Middlewares/OpenBootloader/Modules/CLASSICCAN/openbl_classiccan_cmd.o
 .text.OPENBL_CLASSICCAN_WriteUnprotect
                0x08005948       0x48 ./Middlewares/OpenBootloader/Modules/CLASSICCAN/openbl_classiccan_cmd.o
 .text.OPENBL_CLASSICCAN_GetAddress
                0x08005990       0x50 ./Middlewares/OpenBootloader/Modules/CLASSICCAN/openbl_classiccan_cmd.o
 .text.OPENBL_MEM_RegisterMemory
                0x080059e0      0x12c ./Middlewares/OpenBootloader/Modules/MEM/openbl_mem.o
                0x080059e0                OPENBL_MEM_RegisterMemory
 .text.OPENBL_MEM_GetAddressArea
                0x08005b0c       0x7c ./Middlewares/OpenBootloader/Modules/MEM/openbl_mem.o
                0x08005b0c                OPENBL_MEM_GetAddressArea
 .text.OPENBL_MEM_GetMemoryIndex
                0x08005b88       0x64 ./Middlewares/OpenBootloader/Modules/MEM/openbl_mem.o
                0x08005b88                OPENBL_MEM_GetMemoryIndex
 .text.OPENBL_MEM_Read
                0x08005bec       0x60 ./Middlewares/OpenBootloader/Modules/MEM/openbl_mem.o
                0x08005bec                OPENBL_MEM_Read
 .text.OPENBL_MEM_Write
                0x08005c4c       0x5c ./Middlewares/OpenBootloader/Modules/MEM/openbl_mem.o
                0x08005c4c                OPENBL_MEM_Write
 .text.OPENBL_MEM_SetReadOutProtection
                0x08005ca8       0x26 ./Middlewares/OpenBootloader/Modules/MEM/openbl_mem.o
                0x08005ca8                OPENBL_MEM_SetReadOutProtection
 .text.OPENBL_MEM_GetReadOutProtectionStatus
                0x08005cce       0x24 ./Middlewares/OpenBootloader/Modules/MEM/openbl_mem.o
                0x08005cce                OPENBL_MEM_GetReadOutProtectionStatus
 *fill*         0x08005cf2        0x2 
 .text.OPENBL_MEM_SetWriteProtection
                0x08005cf4       0x70 ./Middlewares/OpenBootloader/Modules/MEM/openbl_mem.o
                0x08005cf4                OPENBL_MEM_SetWriteProtection
 .text.OPENBL_MEM_JumpToAddress
                0x08005d64       0x16 ./Middlewares/OpenBootloader/Modules/MEM/openbl_mem.o
                0x08005d64                OPENBL_MEM_JumpToAddress
 *fill*         0x08005d7a        0x2 
 .text.OPENBL_MEM_MassErase
                0x08005d7c       0x6c ./Middlewares/OpenBootloader/Modules/MEM/openbl_mem.o
                0x08005d7c                OPENBL_MEM_MassErase
 .text.OPENBL_MEM_Erase
                0x08005de8       0x6c ./Middlewares/OpenBootloader/Modules/MEM/openbl_mem.o
                0x08005de8                OPENBL_MEM_Erase
 .text.OPENBL_MEM_OptionBytesLaunch
                0x08005e54        0xc ./Middlewares/OpenBootloader/Modules/MEM/openbl_mem.o
                0x08005e54                OPENBL_MEM_OptionBytesLaunch
 .text.OPENBL_USART_GetCommandsList
                0x08005e60       0x14 ./Middlewares/OpenBootloader/Modules/USART/openbl_usart_cmd.o
                0x08005e60                OPENBL_USART_GetCommandsList
 .text.OPENBL_USART_GetCommand
                0x08005e74       0x5c ./Middlewares/OpenBootloader/Modules/USART/openbl_usart_cmd.o
 .text.OPENBL_USART_GetVersion
                0x08005ed0       0x26 ./Middlewares/OpenBootloader/Modules/USART/openbl_usart_cmd.o
 .text.OPENBL_USART_GetID
                0x08005ef6       0x26 ./Middlewares/OpenBootloader/Modules/USART/openbl_usart_cmd.o
 .text.OPENBL_USART_ReadMemory
                0x08005f1c       0xa2 ./Middlewares/OpenBootloader/Modules/USART/openbl_usart_cmd.o
 *fill*         0x08005fbe        0x2 
 .text.OPENBL_USART_WriteMemory
                0x08005fc0       0xc8 ./Middlewares/OpenBootloader/Modules/USART/openbl_usart_cmd.o
 .text.OPENBL_USART_Go
                0x08006088       0x68 ./Middlewares/OpenBootloader/Modules/USART/openbl_usart_cmd.o
 .text.OPENBL_USART_ReadoutProtect
                0x080060f0       0x30 ./Middlewares/OpenBootloader/Modules/USART/openbl_usart_cmd.o
 .text.OPENBL_USART_ReadoutUnprotect
                0x08006120       0x1e ./Middlewares/OpenBootloader/Modules/USART/openbl_usart_cmd.o
 *fill*         0x0800613e        0x2 
 .text.OPENBL_USART_EraseMemory
                0x08006140      0x1ac ./Middlewares/OpenBootloader/Modules/USART/openbl_usart_cmd.o
 .text.OPENBL_USART_WriteProtect
                0x080062ec       0xb0 ./Middlewares/OpenBootloader/Modules/USART/openbl_usart_cmd.o
 .text.OPENBL_USART_WriteUnprotect
                0x0800639c       0x48 ./Middlewares/OpenBootloader/Modules/USART/openbl_usart_cmd.o
 .text.OPENBL_USART_GetAddress
                0x080063e4       0x90 ./Middlewares/OpenBootloader/Modules/USART/openbl_usart_cmd.o
 .text.memset   0x08006474       0x10 C:/ST/STM32CubeIDE_1.16.0/STM32CubeIDE/plugins/com.st.stm32cube.ide.mcu.externaltools.gnu-tools-for-stm32.12.3.rel1.win32_1.0.200.202406191623/tools/bin/../lib/gcc/arm-none-eabi/12.3.1/../../../../arm-none-eabi/lib/thumb/v7e-m+fp/hard\libc_nano.a(libc_a-memset.o)
                0x08006474                memset
 .text.__libc_init_array
                0x08006484       0x48 C:/ST/STM32CubeIDE_1.16.0/STM32CubeIDE/plugins/com.st.stm32cube.ide.mcu.externaltools.gnu-tools-for-stm32.12.3.rel1.win32_1.0.200.202406191623/tools/bin/../lib/gcc/arm-none-eabi/12.3.1/../../../../arm-none-eabi/lib/thumb/v7e-m+fp/hard\libc_nano.a(libc_a-init.o)
                0x08006484                __libc_init_array
 *(.glue_7)
 .glue_7        0x080064cc        0x0 linker stubs
 *(.glue_7t)
 .glue_7t       0x080064cc        0x0 linker stubs
 *(.eh_frame)
 .eh_frame      0x080064cc        0x0 C:/ST/STM32CubeIDE_1.16.0/STM32CubeIDE/plugins/com.st.stm32cube.ide.mcu.externaltools.gnu-tools-for-stm32.12.3.rel1.win32_1.0.200.202406191623/tools/bin/../lib/gcc/arm-none-eabi/12.3.1/thumb/v7e-m+fp/hard/crtbegin.o
 *(.init)
 .init          0x080064cc        0x4 C:/ST/STM32CubeIDE_1.16.0/STM32CubeIDE/plugins/com.st.stm32cube.ide.mcu.externaltools.gnu-tools-for-stm32.12.3.rel1.win32_1.0.200.202406191623/tools/bin/../lib/gcc/arm-none-eabi/12.3.1/thumb/v7e-m+fp/hard/crti.o
                0x080064cc                _init
 .init          0x080064d0        0x8 C:/ST/STM32CubeIDE_1.16.0/STM32CubeIDE/plugins/com.st.stm32cube.ide.mcu.externaltools.gnu-tools-for-stm32.12.3.rel1.win32_1.0.200.202406191623/tools/bin/../lib/gcc/arm-none-eabi/12.3.1/thumb/v7e-m+fp/hard/crtn.o
 *(.fini)
 .fini          0x080064d8        0x4 C:/ST/STM32CubeIDE_1.16.0/STM32CubeIDE/plugins/com.st.stm32cube.ide.mcu.externaltools.gnu-tools-for-stm32.12.3.rel1.win32_1.0.200.202406191623/tools/bin/../lib/gcc/arm-none-eabi/12.3.1/thumb/v7e-m+fp/hard/crti.o
                0x080064d8                _fini
 .fini          0x080064dc        0x8 C:/ST/STM32CubeIDE_1.16.0/STM32CubeIDE/plugins/com.st.stm32cube.ide.mcu.externaltools.gnu-tools-for-stm32.12.3.rel1.win32_1.0.200.202406191623/tools/bin/../lib/gcc/arm-none-eabi/12.3.1/thumb/v7e-m+fp/hard/crtn.o
                0x080064e4                        . = ALIGN (0x4)
                0x080064e4                        _etext = .

.vfp11_veneer   0x080064e4        0x0
 .vfp11_veneer  0x080064e4        0x0 linker stubs

.v4_bx          0x080064e4        0x0
 .v4_bx         0x080064e4        0x0 linker stubs

.iplt           0x080064e4        0x0
 .iplt          0x080064e4        0x0 C:/ST/STM32CubeIDE_1.16.0/STM32CubeIDE/plugins/com.st.stm32cube.ide.mcu.externaltools.gnu-tools-for-stm32.12.3.rel1.win32_1.0.200.202406191623/tools/bin/../lib/gcc/arm-none-eabi/12.3.1/thumb/v7e-m+fp/hard/crtbegin.o

.rodata         0x080064e4       0x70
                0x080064e4                        . = ALIGN (0x4)
 *(.rodata)
 .rodata        0x080064e4        0xb ./Middlewares/OpenBootloader/Modules/CLASSICCAN/openbl_classiccan_cmd.o
 *fill*         0x080064ef        0x1 
 .rodata        0x080064f0        0xb ./Middlewares/OpenBootloader/Modules/USART/openbl_usart_cmd.o
 *(.rodata*)
 *fill*         0x080064fb        0x1 
 .rodata.AHBPrescTable
                0x080064fc       0x10 ./Drivers/CMSIS/system_stm32g4xx.o
                0x080064fc                AHBPrescTable
 .rodata.APBPrescTable
                0x0800650c        0x8 ./Drivers/CMSIS/system_stm32g4xx.o
                0x0800650c                APBPrescTable
 .rodata.DLCtoBytes
                0x08006514       0x10 ./Drivers/STM32G4xx_HAL_Driver/stm32g4xx_hal_fdcan.o
 .rodata.USART_PRESCALER_TAB
                0x08006524       0x30 ./Drivers/STM32G4xx_HAL_Driver/stm32g4xx_ll_usart.o
                0x08006554                        . = ALIGN (0x4)

.ARM.extab      0x08006554        0x0
                0x08006554                        . = ALIGN (0x4)
 *(.ARM.extab* .gnu.linkonce.armextab.*)
                0x08006554                        . = ALIGN (0x4)

.ARM            0x08006554        0x0
                0x08006554                        . = ALIGN (0x4)
                0x08006554                        __exidx_start = .
 *(.ARM.exidx*)
                0x08006554                        __exidx_end = .
                0x08006554                        . = ALIGN (0x4)

.preinit_array  0x08006554        0x0
                0x08006554                        . = ALIGN (0x4)
                0x08006554                        PROVIDE (__preinit_array_start = .)
 *(.preinit_array*)
                0x08006554                        PROVIDE (__preinit_array_end = .)
                0x08006554                        . = ALIGN (0x4)

.init_array     0x08006554        0x4
                0x08006554                        . = ALIGN (0x4)
                0x08006554                        PROVIDE (__init_array_start = .)
 *(SORT_BY_NAME(.init_array.*))
 *(.init_array*)
 .init_array    0x08006554        0x4 C:/ST/STM32CubeIDE_1.16.0/STM32CubeIDE/plugins/com.st.stm32cube.ide.mcu.externaltools.gnu-tools-for-stm32.12.3.rel1.win32_1.0.200.202406191623/tools/bin/../lib/gcc/arm-none-eabi/12.3.1/thumb/v7e-m+fp/hard/crtbegin.o
                0x08006558                        PROVIDE (__init_array_end = .)
                0x08006558                        . = ALIGN (0x4)

.fini_array     0x08006558        0x4
                0x08006558                        . = ALIGN (0x4)
                [!provide]                        PROVIDE (__fini_array_start = .)
 *(SORT_BY_NAME(.fini_array.*))
 *(.fini_array*)
 .fini_array    0x08006558        0x4 C:/ST/STM32CubeIDE_1.16.0/STM32CubeIDE/plugins/com.st.stm32cube.ide.mcu.externaltools.gnu-tools-for-stm32.12.3.rel1.win32_1.0.200.202406191623/tools/bin/../lib/gcc/arm-none-eabi/12.3.1/thumb/v7e-m+fp/hard/crtbegin.o
                [!provide]                        PROVIDE (__fini_array_end = .)
                0x0800655c                        . = ALIGN (0x4)
                0x0800655c                        _sidata = LOADADDR (.data)

.rel.dyn        0x0800655c        0x0
 .rel.iplt      0x0800655c        0x0 C:/ST/STM32CubeIDE_1.16.0/STM32CubeIDE/plugins/com.st.stm32cube.ide.mcu.externaltools.gnu-tools-for-stm32.12.3.rel1.win32_1.0.200.202406191623/tools/bin/../lib/gcc/arm-none-eabi/12.3.1/thumb/v7e-m+fp/hard/crtbegin.o

.data           0x20000000      0x224 load address 0x0800655c
                0x20000000                        . = ALIGN (0x4)
                0x20000000                        _sdata = .
 *(.data)
 *(.data*)
 .data.USART_Ops
                0x20000000       0x14 ./Application/OpenBootloader/App/app_openbootloader.o
 .data.CLASSICCAN_Ops
                0x20000014       0x14 ./Application/OpenBootloader/App/app_openbootloader.o
 .data.IWDG_Ops
                0x20000028       0x14 ./Application/OpenBootloader/App/app_openbootloader.o
 .data.FLASH_Descriptor
                0x2000003c       0x2c ./Application/OpenBootloader/Target/flash_interface.o
                0x2000003c                FLASH_Descriptor
 .data.OB1_Descriptor
                0x20000068       0x2c ./Application/OpenBootloader/Target/optionbytes_interface.o
                0x20000068                OB1_Descriptor
 .data.OB2_Descriptor
                0x20000094       0x2c ./Application/OpenBootloader/Target/optionbytes_interface.o
                0x20000094                OB2_Descriptor
 .data.OTP_Descriptor
                0x200000c0       0x2c ./Application/OpenBootloader/Target/otp_interface.o
                0x200000c0                OTP_Descriptor
 .data.RAM_Descriptor
                0x200000ec       0x2c ./Application/OpenBootloader/Target/ram_interface.o
                0x200000ec                RAM_Descriptor
 .data.ICP1_Descriptor
                0x20000118       0x2c ./Application/OpenBootloader/Target/systemmemory_interface.o
                0x20000118                ICP1_Descriptor
 .data.ICP2_Descriptor
                0x20000144       0x2c ./Application/OpenBootloader/Target/systemmemory_interface.o
                0x20000144                ICP2_Descriptor
 .data.SystemCoreClock
                0x20000170        0x4 ./Drivers/CMSIS/system_stm32g4xx.o
                0x20000170                SystemCoreClock
 .data.uwTickPrio
                0x20000174        0x4 ./Drivers/STM32G4xx_HAL_Driver/stm32g4xx_hal.o
                0x20000174                uwTickPrio
 .data.uwTickFreq
                0x20000178        0x4 ./Drivers/STM32G4xx_HAL_Driver/stm32g4xx_hal.o
                0x20000178                uwTickFreq
 .data.pFlash   0x2000017c       0x20 ./Drivers/STM32G4xx_HAL_Driver/stm32g4xx_hal_flash.o
                0x2000017c                pFlash
 .data.OPENBL_CLASSICCAN_Commands
                0x2000019c       0x44 ./Middlewares/OpenBootloader/Modules/CLASSICCAN/openbl_classiccan_cmd.o
                0x2000019c                OPENBL_CLASSICCAN_Commands
 .data.OPENBL_USART_Commands
                0x200001e0       0x44 ./Middlewares/OpenBootloader/Modules/USART/openbl_usart_cmd.o
                0x200001e0                OPENBL_USART_Commands
                0x20000224                        . = ALIGN (0x4)
                0x20000224                        _edata = .

.igot.plt       0x20000224        0x0 load address 0x08006780
 .igot.plt      0x20000224        0x0 C:/ST/STM32CubeIDE_1.16.0/STM32CubeIDE/plugins/com.st.stm32cube.ide.mcu.externaltools.gnu-tools-for-stm32.12.3.rel1.win32_1.0.200.202406191623/tools/bin/../lib/gcc/arm-none-eabi/12.3.1/thumb/v7e-m+fp/hard/crtbegin.o
                0x20000224                        . = ALIGN (0x4)

.bss            0x20000224     0x100c load address 0x08006780
                0x20000224                        _sbss = .
                0x20000224                        __bss_start__ = _sbss
 *(.bss)
 .bss           0x20000224       0x1c C:/ST/STM32CubeIDE_1.16.0/STM32CubeIDE/plugins/com.st.stm32cube.ide.mcu.externaltools.gnu-tools-for-stm32.12.3.rel1.win32_1.0.200.202406191623/tools/bin/../lib/gcc/arm-none-eabi/12.3.1/thumb/v7e-m+fp/hard/crtbegin.o
 *(.bss*)
 .bss.previous_tick
                0x20000240        0x4 ./Application/Core/main.o
                0x20000240                previous_tick
 .bss.USART_Handle
                0x20000244        0x8 ./Application/OpenBootloader/App/app_openbootloader.o
 .bss.IWDG_Handle
                0x2000024c        0x8 ./Application/OpenBootloader/App/app_openbootloader.o
 .bss.CLASSICCAN_Handle
                0x20000254        0x8 ./Application/OpenBootloader/App/app_openbootloader.o
 .bss.interface_detected.0
                0x2000025c        0x4 ./Application/OpenBootloader/App/app_openbootloader.o
 .bss._hfdcan   0x20000260       0x64 ./Application/OpenBootloader/Target/classiccan_interface.o
                0x20000260                _hfdcan
 .bss._sFilterConfig
                0x200002c4       0x18 ./Application/OpenBootloader/Target/classiccan_interface.o
                0x200002c4                _sFilterConfig
 .bss._TxHeader
                0x200002dc       0x24 ./Application/OpenBootloader/Target/classiccan_interface.o
                0x200002dc                _TxHeader
 .bss._RxHeader
                0x20000300       0x28 ./Application/OpenBootloader/Target/classiccan_interface.o
                0x20000300                _RxHeader
 .bss._TxData   0x20000328      0x484 ./Application/OpenBootloader/Target/classiccan_interface.o
                0x20000328                _TxData
 .bss._RxData   0x200007ac      0x484 ./Application/OpenBootloader/Target/classiccan_interface.o
                0x200007ac                _RxData
 .bss.IWDGHandle
                0x20000c30       0x10 ./Application/OpenBootloader/Target/iwdg_interface.o
 .bss.uwTick    0x20000c40        0x4 ./Drivers/STM32G4xx_HAL_Driver/stm32g4xx_hal.o
                0x20000c40                uwTick
 .bss.NumberOfInterfaces
                0x20000c44        0x4 ./Middlewares/OpenBootloader/Core/openbl_core.o
 .bss.a_InterfacesTable
                0x20000c48       0x28 ./Middlewares/OpenBootloader/Core/openbl_core.o
 .bss.p_Interface
                0x20000c70        0x4 ./Middlewares/OpenBootloader/Core/openbl_core.o
 .bss.NumberOfMemories
                0x20000c74        0x4 ./Middlewares/OpenBootloader/Modules/MEM/openbl_mem.o
 .bss.a_MemoriesTable
                0x20000c78      0x134 ./Middlewares/OpenBootloader/Modules/MEM/openbl_mem.o
 .bss.USART_RAM_Buf
                0x20000dac      0x484 ./Middlewares/OpenBootloader/Modules/USART/openbl_usart_cmd.o
 *(COMMON)
                0x20001230                        . = ALIGN (0x4)
                0x20001230                        _ebss = .
                0x20001230                        __bss_end__ = _ebss

._user_heap_stack
                0x20001230      0x600 load address 0x08006780
                0x20001230                        . = ALIGN (0x8)
                [!provide]                        PROVIDE (end = .)
                0x20001230                        PROVIDE (_end = .)
                0x20001430                        . = (. + _Min_Heap_Size)
 *fill*         0x20001230      0x200 
                0x20001830                        . = (. + _Min_Stack_Size)
 *fill*         0x20001430      0x400 
                0x20001830                        . = ALIGN (0x8)

/DISCARD/
 libc.a(*)
 libm.a(*)
 libgcc.a(*)

.ARM.attributes
                0x00000000       0x30
 *(.ARM.attributes)
 .ARM.attributes
                0x00000000       0x22 C:/ST/STM32CubeIDE_1.16.0/STM32CubeIDE/plugins/com.st.stm32cube.ide.mcu.externaltools.gnu-tools-for-stm32.12.3.rel1.win32_1.0.200.202406191623/tools/bin/../lib/gcc/arm-none-eabi/12.3.1/thumb/v7e-m+fp/hard/crti.o
 .ARM.attributes
                0x00000022       0x34 C:/ST/STM32CubeIDE_1.16.0/STM32CubeIDE/plugins/com.st.stm32cube.ide.mcu.externaltools.gnu-tools-for-stm32.12.3.rel1.win32_1.0.200.202406191623/tools/bin/../lib/gcc/arm-none-eabi/12.3.1/thumb/v7e-m+fp/hard/crtbegin.o
 .ARM.attributes
                0x00000056       0x34 ./Application/Core/main.o
 .ARM.attributes
                0x0000008a       0x34 ./Application/Core/stm32g4xx_hal_msp.o
 .ARM.attributes
                0x000000be       0x34 ./Application/Core/stm32g4xx_it.o
 .ARM.attributes
                0x000000f2       0x34 ./Application/OpenBootloader/App/app_openbootloader.o
 .ARM.attributes
                0x00000126       0x34 ./Application/OpenBootloader/Target/classiccan_interface.o
 .ARM.attributes
                0x0000015a       0x34 ./Application/OpenBootloader/Target/common_interface.o
 .ARM.attributes
                0x0000018e       0x34 ./Application/OpenBootloader/Target/flash_interface.o
 .ARM.attributes
                0x000001c2       0x34 ./Application/OpenBootloader/Target/iwdg_interface.o
 .ARM.attributes
                0x000001f6       0x34 ./Application/OpenBootloader/Target/optionbytes_interface.o
 .ARM.attributes
                0x0000022a       0x34 ./Application/OpenBootloader/Target/otp_interface.o
 .ARM.attributes
                0x0000025e       0x34 ./Application/OpenBootloader/Target/ram_interface.o
 .ARM.attributes
                0x00000292       0x34 ./Application/OpenBootloader/Target/systemmemory_interface.o
 .ARM.attributes
                0x000002c6       0x34 ./Application/OpenBootloader/Target/usart_interface.o
 .ARM.attributes
                0x000002fa       0x21 ./Application/Startup/startup_stm32g474qetx.o
 .ARM.attributes
                0x0000031b       0x34 ./Drivers/CMSIS/system_stm32g4xx.o
 .ARM.attributes
                0x0000034f       0x34 ./Drivers/STM32G4xx_HAL_Driver/stm32g4xx_hal.o
 .ARM.attributes
                0x00000383       0x34 ./Drivers/STM32G4xx_HAL_Driver/stm32g4xx_hal_cortex.o
 .ARM.attributes
                0x000003b7       0x34 ./Drivers/STM32G4xx_HAL_Driver/stm32g4xx_hal_fdcan.o
 .ARM.attributes
                0x000003eb       0x34 ./Drivers/STM32G4xx_HAL_Driver/stm32g4xx_hal_flash.o
 .ARM.attributes
                0x0000041f       0x34 ./Drivers/STM32G4xx_HAL_Driver/stm32g4xx_hal_flash_ex.o
 .ARM.attributes
                0x00000453       0x34 ./Drivers/STM32G4xx_HAL_Driver/stm32g4xx_hal_gpio.o
 .ARM.attributes
                0x00000487       0x34 ./Drivers/STM32G4xx_HAL_Driver/stm32g4xx_hal_iwdg.o
 .ARM.attributes
                0x000004bb       0x34 ./Drivers/STM32G4xx_HAL_Driver/stm32g4xx_hal_pwr_ex.o
 .ARM.attributes
                0x000004ef       0x34 ./Drivers/STM32G4xx_HAL_Driver/stm32g4xx_hal_rcc.o
 .ARM.attributes
                0x00000523       0x34 ./Drivers/STM32G4xx_HAL_Driver/stm32g4xx_hal_rcc_ex.o
 .ARM.attributes
                0x00000557       0x34 ./Drivers/STM32G4xx_HAL_Driver/stm32g4xx_ll_gpio.o
 .ARM.attributes
                0x0000058b       0x34 ./Drivers/STM32G4xx_HAL_Driver/stm32g4xx_ll_rcc.o
 .ARM.attributes
                0x000005bf       0x34 ./Drivers/STM32G4xx_HAL_Driver/stm32g4xx_ll_usart.o
 .ARM.attributes
                0x000005f3       0x34 ./Middlewares/OpenBootloader/Core/openbl_core.o
 .ARM.attributes
                0x00000627       0x34 ./Middlewares/OpenBootloader/Modules/CLASSICCAN/openbl_classiccan_cmd.o
 .ARM.attributes
                0x0000065b       0x34 ./Middlewares/OpenBootloader/Modules/MEM/openbl_mem.o
 .ARM.attributes
                0x0000068f       0x34 ./Middlewares/OpenBootloader/Modules/USART/openbl_usart_cmd.o
 .ARM.attributes
                0x000006c3       0x34 C:/ST/STM32CubeIDE_1.16.0/STM32CubeIDE/plugins/com.st.stm32cube.ide.mcu.externaltools.gnu-tools-for-stm32.12.3.rel1.win32_1.0.200.202406191623/tools/bin/../lib/gcc/arm-none-eabi/12.3.1/../../../../arm-none-eabi/lib/thumb/v7e-m+fp/hard\libc_nano.a(libc_a-memset.o)
 .ARM.attributes
                0x000006f7       0x34 C:/ST/STM32CubeIDE_1.16.0/STM32CubeIDE/plugins/com.st.stm32cube.ide.mcu.externaltools.gnu-tools-for-stm32.12.3.rel1.win32_1.0.200.202406191623/tools/bin/../lib/gcc/arm-none-eabi/12.3.1/../../../../arm-none-eabi/lib/thumb/v7e-m+fp/hard\libc_nano.a(libc_a-init.o)
 .ARM.attributes
                0x0000072b       0x22 C:/ST/STM32CubeIDE_1.16.0/STM32CubeIDE/plugins/com.st.stm32cube.ide.mcu.externaltools.gnu-tools-for-stm32.12.3.rel1.win32_1.0.200.202406191623/tools/bin/../lib/gcc/arm-none-eabi/12.3.1/thumb/v7e-m+fp/hard/crtn.o
OUTPUT(OpenBootloader.elf elf32-littlearm)
LOAD linker stubs
LOAD C:/ST/STM32CubeIDE_1.16.0/STM32CubeIDE/plugins/com.st.stm32cube.ide.mcu.externaltools.gnu-tools-for-stm32.12.3.rel1.win32_1.0.200.202406191623/tools/bin/../lib/gcc/arm-none-eabi/12.3.1/../../../../arm-none-eabi/lib/thumb/v7e-m+fp/hard\libc.a
LOAD C:/ST/STM32CubeIDE_1.16.0/STM32CubeIDE/plugins/com.st.stm32cube.ide.mcu.externaltools.gnu-tools-for-stm32.12.3.rel1.win32_1.0.200.202406191623/tools/bin/../lib/gcc/arm-none-eabi/12.3.1/../../../../arm-none-eabi/lib/thumb/v7e-m+fp/hard\libm.a
LOAD C:/ST/STM32CubeIDE_1.16.0/STM32CubeIDE/plugins/com.st.stm32cube.ide.mcu.externaltools.gnu-tools-for-stm32.12.3.rel1.win32_1.0.200.202406191623/tools/bin/../lib/gcc/arm-none-eabi/12.3.1/thumb/v7e-m+fp/hard\libgcc.a

.debug_info     0x00000000     0xefad
 .debug_info    0x00000000      0x949 ./Application/Core/main.o
 .debug_info    0x00000949      0xb9e ./Application/Core/stm32g4xx_hal_msp.o
 .debug_info    0x000014e7      0x113 ./Application/Core/stm32g4xx_it.o
 .debug_info    0x000015fa      0x5a7 ./Application/OpenBootloader/App/app_openbootloader.o
 .debug_info    0x00001ba1      0xa02 ./Application/OpenBootloader/Target/classiccan_interface.o
 .debug_info    0x000025a3      0x167 ./Application/OpenBootloader/Target/common_interface.o
 .debug_info    0x0000270a      0x966 ./Application/OpenBootloader/Target/flash_interface.o
 .debug_info    0x00003070      0x209 ./Application/OpenBootloader/Target/iwdg_interface.o
 .debug_info    0x00003279      0x433 ./Application/OpenBootloader/Target/optionbytes_interface.o
 .debug_info    0x000036ac      0x4af ./Application/OpenBootloader/Target/otp_interface.o
 .debug_info    0x00003b5b      0x32a ./Application/OpenBootloader/Target/ram_interface.o
 .debug_info    0x00003e85      0x274 ./Application/OpenBootloader/Target/systemmemory_interface.o
 .debug_info    0x000040f9      0x7ae ./Application/OpenBootloader/Target/usart_interface.o
 .debug_info    0x000048a7       0x30 ./Application/Startup/startup_stm32g474qetx.o
 .debug_info    0x000048d7      0x58e ./Drivers/CMSIS/system_stm32g4xx.o
 .debug_info    0x00004e65      0xb95 ./Drivers/STM32G4xx_HAL_Driver/stm32g4xx_hal.o
 .debug_info    0x000059fa      0xdf9 ./Drivers/STM32G4xx_HAL_Driver/stm32g4xx_hal_cortex.o
 .debug_info    0x000067f3     0x18bb ./Drivers/STM32G4xx_HAL_Driver/stm32g4xx_hal_fdcan.o
 .debug_info    0x000080ae      0x71a ./Drivers/STM32G4xx_HAL_Driver/stm32g4xx_hal_flash.o
 .debug_info    0x000087c8      0x9ae ./Drivers/STM32G4xx_HAL_Driver/stm32g4xx_hal_flash_ex.o
 .debug_info    0x00009176      0x763 ./Drivers/STM32G4xx_HAL_Driver/stm32g4xx_hal_gpio.o
 .debug_info    0x000098d9      0x1f7 ./Drivers/STM32G4xx_HAL_Driver/stm32g4xx_hal_iwdg.o
 .debug_info    0x00009ad0      0x93f ./Drivers/STM32G4xx_HAL_Driver/stm32g4xx_hal_pwr_ex.o
 .debug_info    0x0000a40f      0xbe0 ./Drivers/STM32G4xx_HAL_Driver/stm32g4xx_hal_rcc.o
 .debug_info    0x0000afef      0xc45 ./Drivers/STM32G4xx_HAL_Driver/stm32g4xx_hal_rcc_ex.o
 .debug_info    0x0000bc34      0x95b ./Drivers/STM32G4xx_HAL_Driver/stm32g4xx_ll_gpio.o
 .debug_info    0x0000c58f      0xb6e ./Drivers/STM32G4xx_HAL_Driver/stm32g4xx_ll_rcc.o
 .debug_info    0x0000d0fd      0x7c3 ./Drivers/STM32G4xx_HAL_Driver/stm32g4xx_ll_usart.o
 .debug_info    0x0000d8c0      0x3a8 ./Middlewares/OpenBootloader/Core/openbl_core.o
 .debug_info    0x0000dc68      0x6c8 ./Middlewares/OpenBootloader/Modules/CLASSICCAN/openbl_classiccan_cmd.o
 .debug_info    0x0000e330      0x5c1 ./Middlewares/OpenBootloader/Modules/MEM/openbl_mem.o
 .debug_info    0x0000e8f1      0x6bc ./Middlewares/OpenBootloader/Modules/USART/openbl_usart_cmd.o

.debug_abbrev   0x00000000     0x3be4
 .debug_abbrev  0x00000000      0x25b ./Application/Core/main.o
 .debug_abbrev  0x0000025b      0x1d8 ./Application/Core/stm32g4xx_hal_msp.o
 .debug_abbrev  0x00000433       0x73 ./Application/Core/stm32g4xx_it.o
 .debug_abbrev  0x000004a6      0x18e ./Application/OpenBootloader/App/app_openbootloader.o
 .debug_abbrev  0x00000634      0x1ee ./Application/OpenBootloader/Target/classiccan_interface.o
 .debug_abbrev  0x00000822       0xf6 ./Application/OpenBootloader/Target/common_interface.o
 .debug_abbrev  0x00000918      0x29d ./Application/OpenBootloader/Target/flash_interface.o
 .debug_abbrev  0x00000bb5      0x15a ./Application/OpenBootloader/Target/iwdg_interface.o
 .debug_abbrev  0x00000d0f      0x189 ./Application/OpenBootloader/Target/optionbytes_interface.o
 .debug_abbrev  0x00000e98      0x1b7 ./Application/OpenBootloader/Target/otp_interface.o
 .debug_abbrev  0x0000104f      0x171 ./Application/OpenBootloader/Target/ram_interface.o
 .debug_abbrev  0x000011c0      0x10c ./Application/OpenBootloader/Target/systemmemory_interface.o
 .debug_abbrev  0x000012cc      0x248 ./Application/OpenBootloader/Target/usart_interface.o
 .debug_abbrev  0x00001514       0x24 ./Application/Startup/startup_stm32g474qetx.o
 .debug_abbrev  0x00001538      0x11a ./Drivers/CMSIS/system_stm32g4xx.o
 .debug_abbrev  0x00001652      0x271 ./Drivers/STM32G4xx_HAL_Driver/stm32g4xx_hal.o
 .debug_abbrev  0x000018c3      0x31c ./Drivers/STM32G4xx_HAL_Driver/stm32g4xx_hal_cortex.o
 .debug_abbrev  0x00001bdf      0x1e7 ./Drivers/STM32G4xx_HAL_Driver/stm32g4xx_hal_fdcan.o
 .debug_abbrev  0x00001dc6      0x325 ./Drivers/STM32G4xx_HAL_Driver/stm32g4xx_hal_flash.o
 .debug_abbrev  0x000020eb      0x294 ./Drivers/STM32G4xx_HAL_Driver/stm32g4xx_hal_flash_ex.o
 .debug_abbrev  0x0000237f      0x1cb ./Drivers/STM32G4xx_HAL_Driver/stm32g4xx_hal_gpio.o
 .debug_abbrev  0x0000254a      0x14d ./Drivers/STM32G4xx_HAL_Driver/stm32g4xx_hal_iwdg.o
 .debug_abbrev  0x00002697      0x22c ./Drivers/STM32G4xx_HAL_Driver/stm32g4xx_hal_pwr_ex.o
 .debug_abbrev  0x000028c3      0x2c9 ./Drivers/STM32G4xx_HAL_Driver/stm32g4xx_hal_rcc.o
 .debug_abbrev  0x00002b8c      0x258 ./Drivers/STM32G4xx_HAL_Driver/stm32g4xx_hal_rcc_ex.o
 .debug_abbrev  0x00002de4      0x235 ./Drivers/STM32G4xx_HAL_Driver/stm32g4xx_ll_gpio.o
 .debug_abbrev  0x00003019      0x234 ./Drivers/STM32G4xx_HAL_Driver/stm32g4xx_ll_rcc.o
 .debug_abbrev  0x0000324d      0x1de ./Drivers/STM32G4xx_HAL_Driver/stm32g4xx_ll_usart.o
 .debug_abbrev  0x0000342b      0x160 ./Middlewares/OpenBootloader/Core/openbl_core.o
 .debug_abbrev  0x0000358b      0x241 ./Middlewares/OpenBootloader/Modules/CLASSICCAN/openbl_classiccan_cmd.o
 .debug_abbrev  0x000037cc      0x1da ./Middlewares/OpenBootloader/Modules/MEM/openbl_mem.o
 .debug_abbrev  0x000039a6      0x23e ./Middlewares/OpenBootloader/Modules/USART/openbl_usart_cmd.o

.debug_aranges  0x00000000     0x1128
 .debug_aranges
                0x00000000       0x50 ./Application/Core/main.o
 .debug_aranges
                0x00000050       0x48 ./Application/Core/stm32g4xx_hal_msp.o
 .debug_aranges
                0x00000098       0x60 ./Application/Core/stm32g4xx_it.o
 .debug_aranges
                0x000000f8       0x30 ./Application/OpenBootloader/App/app_openbootloader.o
 .debug_aranges
                0x00000128       0x58 ./Application/OpenBootloader/Target/classiccan_interface.o
 .debug_aranges
                0x00000180       0x30 ./Application/OpenBootloader/Target/common_interface.o
 .debug_aranges
                0x000001b0       0x90 ./Application/OpenBootloader/Target/flash_interface.o
 .debug_aranges
                0x00000240       0x28 ./Application/OpenBootloader/Target/iwdg_interface.o
 .debug_aranges
                0x00000268       0x28 ./Application/OpenBootloader/Target/optionbytes_interface.o
 .debug_aranges
                0x00000290       0x30 ./Application/OpenBootloader/Target/otp_interface.o
 .debug_aranges
                0x000002c0       0x30 ./Application/OpenBootloader/Target/ram_interface.o
 .debug_aranges
                0x000002f0       0x20 ./Application/OpenBootloader/Target/systemmemory_interface.o
 .debug_aranges
                0x00000310       0x80 ./Application/OpenBootloader/Target/usart_interface.o
 .debug_aranges
                0x00000390       0x28 ./Application/Startup/startup_stm32g474qetx.o
 .debug_aranges
                0x000003b8       0x28 ./Drivers/CMSIS/system_stm32g4xx.o
 .debug_aranges
                0x000003e0      0x148 ./Drivers/STM32G4xx_HAL_Driver/stm32g4xx_hal.o
 .debug_aranges
                0x00000528      0x128 ./Drivers/STM32G4xx_HAL_Driver/stm32g4xx_hal_cortex.o
 .debug_aranges
                0x00000650      0x208 ./Drivers/STM32G4xx_HAL_Driver/stm32g4xx_hal_fdcan.o
 .debug_aranges
                0x00000858       0x88 ./Drivers/STM32G4xx_HAL_Driver/stm32g4xx_hal_flash.o
 .debug_aranges
                0x000008e0       0xc8 ./Drivers/STM32G4xx_HAL_Driver/stm32g4xx_hal_flash_ex.o
 .debug_aranges
                0x000009a8       0x58 ./Drivers/STM32G4xx_HAL_Driver/stm32g4xx_hal_gpio.o
 .debug_aranges
                0x00000a00       0x28 ./Drivers/STM32G4xx_HAL_Driver/stm32g4xx_hal_iwdg.o
 .debug_aranges
                0x00000a28      0x140 ./Drivers/STM32G4xx_HAL_Driver/stm32g4xx_hal_pwr_ex.o
 .debug_aranges
                0x00000b68       0x98 ./Drivers/STM32G4xx_HAL_Driver/stm32g4xx_hal_rcc.o
 .debug_aranges
                0x00000c00       0xb0 ./Drivers/STM32G4xx_HAL_Driver/stm32g4xx_hal_rcc_ex.o
 .debug_aranges
                0x00000cb0       0x70 ./Drivers/STM32G4xx_HAL_Driver/stm32g4xx_ll_gpio.o
 .debug_aranges
                0x00000d20      0x1c8 ./Drivers/STM32G4xx_HAL_Driver/stm32g4xx_ll_rcc.o
 .debug_aranges
                0x00000ee8       0x88 ./Drivers/STM32G4xx_HAL_Driver/stm32g4xx_ll_usart.o
 .debug_aranges
                0x00000f70       0x40 ./Middlewares/OpenBootloader/Core/openbl_core.o
 .debug_aranges
                0x00000fb0       0x80 ./Middlewares/OpenBootloader/Modules/CLASSICCAN/openbl_classiccan_cmd.o
 .debug_aranges
                0x00001030       0x78 ./Middlewares/OpenBootloader/Modules/MEM/openbl_mem.o
 .debug_aranges
                0x000010a8       0x80 ./Middlewares/OpenBootloader/Modules/USART/openbl_usart_cmd.o

.debug_rnglists
                0x00000000      0xc95
 .debug_rnglists
                0x00000000       0x38 ./Application/Core/main.o
 .debug_rnglists
                0x00000038       0x31 ./Application/Core/stm32g4xx_hal_msp.o
 .debug_rnglists
                0x00000069       0x43 ./Application/Core/stm32g4xx_it.o
 .debug_rnglists
                0x000000ac       0x20 ./Application/OpenBootloader/App/app_openbootloader.o
 .debug_rnglists
                0x000000cc       0x3e ./Application/OpenBootloader/Target/classiccan_interface.o
 .debug_rnglists
                0x0000010a       0x1f ./Application/OpenBootloader/Target/common_interface.o
 .debug_rnglists
                0x00000129       0x6c ./Application/OpenBootloader/Target/flash_interface.o
 .debug_rnglists
                0x00000195       0x19 ./Application/OpenBootloader/Target/iwdg_interface.o
 .debug_rnglists
                0x000001ae       0x1a ./Application/OpenBootloader/Target/optionbytes_interface.o
 .debug_rnglists
                0x000001c8       0x1f ./Application/OpenBootloader/Target/otp_interface.o
 .debug_rnglists
                0x000001e7       0x1f ./Application/OpenBootloader/Target/ram_interface.o
 .debug_rnglists
                0x00000206       0x13 ./Application/OpenBootloader/Target/systemmemory_interface.o
 .debug_rnglists
                0x00000219       0x5c ./Application/OpenBootloader/Target/usart_interface.o
 .debug_rnglists
                0x00000275       0x19 ./Application/Startup/startup_stm32g474qetx.o
 .debug_rnglists
                0x0000028e       0x1a ./Drivers/CMSIS/system_stm32g4xx.o
 .debug_rnglists
                0x000002a8       0xf1 ./Drivers/STM32G4xx_HAL_Driver/stm32g4xx_hal.o
 .debug_rnglists
                0x00000399       0xda ./Drivers/STM32G4xx_HAL_Driver/stm32g4xx_hal_cortex.o
 .debug_rnglists
                0x00000473      0x18d ./Drivers/STM32G4xx_HAL_Driver/stm32g4xx_hal_fdcan.o
 .debug_rnglists
                0x00000600       0x65 ./Drivers/STM32G4xx_HAL_Driver/stm32g4xx_hal_flash.o
 .debug_rnglists
                0x00000665       0x9c ./Drivers/STM32G4xx_HAL_Driver/stm32g4xx_hal_flash_ex.o
 .debug_rnglists
                0x00000701       0x3f ./Drivers/STM32G4xx_HAL_Driver/stm32g4xx_hal_gpio.o
 .debug_rnglists
                0x00000740       0x1a ./Drivers/STM32G4xx_HAL_Driver/stm32g4xx_hal_iwdg.o
 .debug_rnglists
                0x0000075a       0xf1 ./Drivers/STM32G4xx_HAL_Driver/stm32g4xx_hal_pwr_ex.o
 .debug_rnglists
                0x0000084b       0x74 ./Drivers/STM32G4xx_HAL_Driver/stm32g4xx_hal_rcc.o
 .debug_rnglists
                0x000008bf       0x87 ./Drivers/STM32G4xx_HAL_Driver/stm32g4xx_hal_rcc_ex.o
 .debug_rnglists
                0x00000946       0x51 ./Drivers/STM32G4xx_HAL_Driver/stm32g4xx_ll_gpio.o
 .debug_rnglists
                0x00000997      0x15a ./Drivers/STM32G4xx_HAL_Driver/stm32g4xx_ll_rcc.o
 .debug_rnglists
                0x00000af1       0x64 ./Drivers/STM32G4xx_HAL_Driver/stm32g4xx_ll_usart.o
 .debug_rnglists
                0x00000b55       0x2c ./Middlewares/OpenBootloader/Core/openbl_core.o
 .debug_rnglists
                0x00000b81       0x5e ./Middlewares/OpenBootloader/Modules/CLASSICCAN/openbl_classiccan_cmd.o
 .debug_rnglists
                0x00000bdf       0x56 ./Middlewares/OpenBootloader/Modules/MEM/openbl_mem.o
 .debug_rnglists
                0x00000c35       0x60 ./Middlewares/OpenBootloader/Modules/USART/openbl_usart_cmd.o

.debug_macro    0x00000000    0x35c89
 .debug_macro   0x00000000      0x3e2 ./Application/Core/main.o
 .debug_macro   0x000003e2      0xaba ./Application/Core/main.o
 .debug_macro   0x00000e9c       0x2e ./Application/Core/main.o
 .debug_macro   0x00000eca       0x28 ./Application/Core/main.o
 .debug_macro   0x00000ef2       0x22 ./Application/Core/main.o
 .debug_macro   0x00000f14       0x8e ./Application/Core/main.o
 .debug_macro   0x00000fa2       0x51 ./Application/Core/main.o
 .debug_macro   0x00000ff3      0x103 ./Application/Core/main.o
 .debug_macro   0x000010f6       0x6a ./Application/Core/main.o
 .debug_macro   0x00001160      0x1df ./Application/Core/main.o
 .debug_macro   0x0000133f       0x1c ./Application/Core/main.o
 .debug_macro   0x0000135b       0x22 ./Application/Core/main.o
 .debug_macro   0x0000137d       0xfb ./Application/Core/main.o
 .debug_macro   0x00001478     0x1011 ./Application/Core/main.o
 .debug_macro   0x00002489      0x11f ./Application/Core/main.o
 .debug_macro   0x000025a8    0x18b8c ./Application/Core/main.o
 .debug_macro   0x0001b134       0x6d ./Application/Core/main.o
 .debug_macro   0x0001b1a1      0x209 ./Application/Core/main.o
 .debug_macro   0x0001b3aa     0x3558 ./Application/Core/main.o
 .debug_macro   0x0001e902      0x189 ./Application/Core/main.o
 .debug_macro   0x0001ea8b       0x5c ./Application/Core/main.o
 .debug_macro   0x0001eae7     0x171f ./Application/Core/main.o
 .debug_macro   0x00020206      0x600 ./Application/Core/main.o
 .debug_macro   0x00020806      0x1b6 ./Application/Core/main.o
 .debug_macro   0x000209bc      0x34a ./Application/Core/main.o
 .debug_macro   0x00020d06      0x53c ./Application/Core/main.o
 .debug_macro   0x00021242      0x18b ./Application/Core/main.o
 .debug_macro   0x000213cd       0x43 ./Application/Core/main.o
 .debug_macro   0x00021410      0x23d ./Application/Core/main.o
 .debug_macro   0x0002164d     0x1112 ./Application/Core/main.o
 .debug_macro   0x0002275f      0x72e ./Application/Core/main.o
 .debug_macro   0x00022e8d      0x391 ./Application/Core/main.o
 .debug_macro   0x0002321e      0x178 ./Application/Core/main.o
 .debug_macro   0x00023396      0x527 ./Application/Core/main.o
 .debug_macro   0x000238bd      0x1f4 ./Application/Core/main.o
 .debug_macro   0x00023ab1       0xc7 ./Application/Core/main.o
 .debug_macro   0x00023b78       0x4c ./Application/Core/main.o
 .debug_macro   0x00023bc4      0x209 ./Application/Core/main.o
 .debug_macro   0x00023dcd      0x107 ./Application/Core/main.o
 .debug_macro   0x00023ed4      0x211 ./Application/Core/main.o
 .debug_macro   0x000240e5      0x6bd ./Application/Core/main.o
 .debug_macro   0x000247a2      0x45c ./Application/Core/main.o
 .debug_macro   0x00024bfe      0x11c ./Application/Core/main.o
 .debug_macro   0x00024d1a      0x1ae ./Application/Core/main.o
 .debug_macro   0x00024ec8     0x20a8 ./Application/Core/main.o
 .debug_macro   0x00026f70      0x313 ./Application/Core/main.o
 .debug_macro   0x00027283       0x31 ./Application/Core/main.o
 .debug_macro   0x000272b4       0x85 ./Application/Core/main.o
 .debug_macro   0x00027339      0x22c ./Application/Core/main.o
 .debug_macro   0x00027565       0x61 ./Application/Core/main.o
 .debug_macro   0x000275c6       0xa5 ./Application/Core/main.o
 .debug_macro   0x0002766b      0x1c3 ./Application/Core/main.o
 .debug_macro   0x0002782e      0x2d3 ./Application/Core/main.o
 .debug_macro   0x00027b01      0x332 ./Application/Core/main.o
 .debug_macro   0x00027e33       0xdd ./Application/Core/main.o
 .debug_macro   0x00027f10       0x88 ./Application/Core/main.o
 .debug_macro   0x00027f98      0x1b5 ./Application/Core/main.o
 .debug_macro   0x0002814d       0x73 ./Application/Core/main.o
 .debug_macro   0x000281c0      0x22d ./Application/Core/main.o
 .debug_macro   0x000283ed      0x122 ./Application/Core/main.o
 .debug_macro   0x0002850f      0x3d1 ./Application/Core/main.o
 .debug_macro   0x000288e0      0x2d4 ./Application/Core/main.o
 .debug_macro   0x00028bb4       0xb9 ./Application/Core/main.o
 .debug_macro   0x00028c6d      0x367 ./Application/Core/main.o
 .debug_macro   0x00028fd4      0x5b3 ./Application/Core/main.o
 .debug_macro   0x00029587       0xeb ./Application/Core/main.o
 .debug_macro   0x00029672      0x391 ./Application/Core/main.o
 .debug_macro   0x00029a03       0x10 ./Application/Core/main.o
 .debug_macro   0x00029a13       0xe4 ./Application/Core/main.o
 .debug_macro   0x00029af7      0x31a ./Application/Core/main.o
 .debug_macro   0x00029e11      0x20b ./Application/Core/main.o
 .debug_macro   0x0002a01c      0x34e ./Application/Core/main.o
 .debug_macro   0x0002a36a       0x46 ./Application/Core/main.o
 .debug_macro   0x0002a3b0      0x2fe ./Application/Core/main.o
 .debug_macro   0x0002a6ae       0x10 ./Application/Core/main.o
 .debug_macro   0x0002a6be      0xc0b ./Application/Core/main.o
 .debug_macro   0x0002b2c9      0x718 ./Application/Core/main.o
 .debug_macro   0x0002b9e1      0x693 ./Application/Core/main.o
 .debug_macro   0x0002c074       0xa6 ./Application/Core/main.o
 .debug_macro   0x0002c11a      0x359 ./Application/Core/main.o
 .debug_macro   0x0002c473       0xb9 ./Application/Core/main.o
 .debug_macro   0x0002c52c       0xa9 ./Application/Core/main.o
 .debug_macro   0x0002c5d5      0x358 ./Application/Core/main.o
 .debug_macro   0x0002c92d      0x64c ./Application/Core/main.o
 .debug_macro   0x0002cf79      0x1d0 ./Application/Core/main.o
 .debug_macro   0x0002d149       0x16 ./Application/Core/main.o
 .debug_macro   0x0002d15f      0x3d2 ./Application/Core/stm32g4xx_hal_msp.o
 .debug_macro   0x0002d531      0x169 ./Application/Core/stm32g4xx_hal_msp.o
 .debug_macro   0x0002d69a       0x7c ./Application/Core/stm32g4xx_hal_msp.o
 .debug_macro   0x0002d716      0x3d0 ./Application/Core/stm32g4xx_it.o
 .debug_macro   0x0002dae6       0x10 ./Application/Core/stm32g4xx_it.o
 .debug_macro   0x0002daf6      0x474 ./Application/OpenBootloader/App/app_openbootloader.o
 .debug_macro   0x0002df6a      0x40f ./Application/OpenBootloader/App/app_openbootloader.o
 .debug_macro   0x0002e379       0xc4 ./Application/OpenBootloader/App/app_openbootloader.o
 .debug_macro   0x0002e43d       0x8e ./Application/OpenBootloader/App/app_openbootloader.o
 .debug_macro   0x0002e4cb       0x1c ./Application/OpenBootloader/App/app_openbootloader.o
 .debug_macro   0x0002e4e7      0x412 ./Application/OpenBootloader/Target/classiccan_interface.o
 .debug_macro   0x0002e8f9      0x3ca ./Application/OpenBootloader/Target/common_interface.o
 .debug_macro   0x0002ecc3      0x405 ./Application/OpenBootloader/Target/flash_interface.o
 .debug_macro   0x0002f0c8      0x3dd ./Application/OpenBootloader/Target/iwdg_interface.o
 .debug_macro   0x0002f4a5      0x405 ./Application/OpenBootloader/Target/optionbytes_interface.o
 .debug_macro   0x0002f8aa      0x405 ./Application/OpenBootloader/Target/otp_interface.o
 .debug_macro   0x0002fcaf      0x405 ./Application/OpenBootloader/Target/ram_interface.o
 .debug_macro   0x000300b4      0x405 ./Application/OpenBootloader/Target/systemmemory_interface.o
 .debug_macro   0x000304b9      0x412 ./Application/OpenBootloader/Target/usart_interface.o
 .debug_macro   0x000308cb       0x10 ./Application/OpenBootloader/Target/usart_interface.o
 .debug_macro   0x000308db      0x3bd ./Drivers/CMSIS/system_stm32g4xx.o
 .debug_macro   0x00030c98      0x405 ./Drivers/STM32G4xx_HAL_Driver/stm32g4xx_hal.o
 .debug_macro   0x0003109d      0x3b7 ./Drivers/STM32G4xx_HAL_Driver/stm32g4xx_hal_cortex.o
 .debug_macro   0x00031454      0x4c9 ./Drivers/STM32G4xx_HAL_Driver/stm32g4xx_hal_fdcan.o
 .debug_macro   0x0003191d      0x3bd ./Drivers/STM32G4xx_HAL_Driver/stm32g4xx_hal_flash.o
 .debug_macro   0x00031cda      0x3b7 ./Drivers/STM32G4xx_HAL_Driver/stm32g4xx_hal_flash_ex.o
 .debug_macro   0x00032091      0x3be ./Drivers/STM32G4xx_HAL_Driver/stm32g4xx_hal_gpio.o
 .debug_macro   0x0003244f      0x3c5 ./Drivers/STM32G4xx_HAL_Driver/stm32g4xx_hal_iwdg.o
 .debug_macro   0x00032814      0x3e1 ./Drivers/STM32G4xx_HAL_Driver/stm32g4xx_hal_pwr_ex.o
 .debug_macro   0x00032bf5      0x3f9 ./Drivers/STM32G4xx_HAL_Driver/stm32g4xx_hal_rcc.o
 .debug_macro   0x00032fee      0x3e1 ./Drivers/STM32G4xx_HAL_Driver/stm32g4xx_hal_rcc_ex.o
 .debug_macro   0x000333cf      0x3f9 ./Drivers/STM32G4xx_HAL_Driver/stm32g4xx_ll_gpio.o
 .debug_macro   0x000337c8      0x163 ./Drivers/STM32G4xx_HAL_Driver/stm32g4xx_ll_gpio.o
 .debug_macro   0x0003392b      0x414 ./Drivers/STM32G4xx_HAL_Driver/stm32g4xx_ll_rcc.o
 .debug_macro   0x00033d3f      0x432 ./Drivers/STM32G4xx_HAL_Driver/stm32g4xx_ll_usart.o
 .debug_macro   0x00034171      0x409 ./Drivers/STM32G4xx_HAL_Driver/stm32g4xx_ll_usart.o
 .debug_macro   0x0003457a      0x652 ./Drivers/STM32G4xx_HAL_Driver/stm32g4xx_ll_usart.o
 .debug_macro   0x00034bcc      0x3f1 ./Middlewares/OpenBootloader/Core/openbl_core.o
 .debug_macro   0x00034fbd       0x22 ./Middlewares/OpenBootloader/Core/openbl_core.o
 .debug_macro   0x00034fdf      0x405 ./Middlewares/OpenBootloader/Modules/CLASSICCAN/openbl_classiccan_cmd.o
 .debug_macro   0x000353e4       0x94 ./Middlewares/OpenBootloader/Modules/CLASSICCAN/openbl_classiccan_cmd.o
 .debug_macro   0x00035478      0x3ff ./Middlewares/OpenBootloader/Modules/MEM/openbl_mem.o
 .debug_macro   0x00035877      0x412 ./Middlewares/OpenBootloader/Modules/USART/openbl_usart_cmd.o

.debug_line     0x00000000    0x1f8af
 .debug_line    0x00000000      0xd99 ./Application/Core/main.o
 .debug_line    0x00000d99      0xd1b ./Application/Core/stm32g4xx_hal_msp.o
 .debug_line    0x00001ab4      0xce6 ./Application/Core/stm32g4xx_it.o
 .debug_line    0x0000279a      0xf3a ./Application/OpenBootloader/App/app_openbootloader.o
 .debug_line    0x000036d4      0xf85 ./Application/OpenBootloader/Target/classiccan_interface.o
 .debug_line    0x00004659      0xca1 ./Application/OpenBootloader/Target/common_interface.o
 .debug_line    0x000052fa     0x1040 ./Application/OpenBootloader/Target/flash_interface.o
 .debug_line    0x0000633a      0xca0 ./Application/OpenBootloader/Target/iwdg_interface.o
 .debug_line    0x00006fda      0xdfe ./Application/OpenBootloader/Target/optionbytes_interface.o
 .debug_line    0x00007dd8      0xda3 ./Application/OpenBootloader/Target/otp_interface.o
 .debug_line    0x00008b7b      0xdad ./Application/OpenBootloader/Target/ram_interface.o
 .debug_line    0x00009928      0xd42 ./Application/OpenBootloader/Target/systemmemory_interface.o
 .debug_line    0x0000a66a      0xf21 ./Application/OpenBootloader/Target/usart_interface.o
 .debug_line    0x0000b58b       0x7b ./Application/Startup/startup_stm32g474qetx.o
 .debug_line    0x0000b606      0xc9e ./Drivers/CMSIS/system_stm32g4xx.o
 .debug_line    0x0000c2a4     0x1054 ./Drivers/STM32G4xx_HAL_Driver/stm32g4xx_hal.o
 .debug_line    0x0000d2f8     0x11e7 ./Drivers/STM32G4xx_HAL_Driver/stm32g4xx_hal_cortex.o
 .debug_line    0x0000e4df     0x1e47 ./Drivers/STM32G4xx_HAL_Driver/stm32g4xx_hal_fdcan.o
 .debug_line    0x00010326     0x1007 ./Drivers/STM32G4xx_HAL_Driver/stm32g4xx_hal_flash.o
 .debug_line    0x0001132d     0x14b7 ./Drivers/STM32G4xx_HAL_Driver/stm32g4xx_hal_flash_ex.o
 .debug_line    0x000127e4     0x106d ./Drivers/STM32G4xx_HAL_Driver/stm32g4xx_hal_gpio.o
 .debug_line    0x00013851      0xcb7 ./Drivers/STM32G4xx_HAL_Driver/stm32g4xx_hal_iwdg.o
 .debug_line    0x00014508     0x11c3 ./Drivers/STM32G4xx_HAL_Driver/stm32g4xx_hal_pwr_ex.o
 .debug_line    0x000156cb     0x141f ./Drivers/STM32G4xx_HAL_Driver/stm32g4xx_hal_rcc.o
 .debug_line    0x00016aea     0x1730 ./Drivers/STM32G4xx_HAL_Driver/stm32g4xx_hal_rcc_ex.o
 .debug_line    0x0001821a      0xf4f ./Drivers/STM32G4xx_HAL_Driver/stm32g4xx_ll_gpio.o
 .debug_line    0x00019169     0x172c ./Drivers/STM32G4xx_HAL_Driver/stm32g4xx_ll_rcc.o
 .debug_line    0x0001a895      0xea6 ./Drivers/STM32G4xx_HAL_Driver/stm32g4xx_ll_usart.o
 .debug_line    0x0001b73b      0xf5e ./Middlewares/OpenBootloader/Core/openbl_core.o
 .debug_line    0x0001c699     0x10cb ./Middlewares/OpenBootloader/Modules/CLASSICCAN/openbl_classiccan_cmd.o
 .debug_line    0x0001d764      0xf7b ./Middlewares/OpenBootloader/Modules/MEM/openbl_mem.o
 .debug_line    0x0001e6df     0x11d0 ./Middlewares/OpenBootloader/Modules/USART/openbl_usart_cmd.o

.debug_str      0x00000000   0x167e10
 .debug_str     0x00000000   0x15d8cf ./Application/Core/main.o
                             0x15e2eb (size before relaxing)
 .debug_str     0x0015d8cf     0x104f ./Application/Core/stm32g4xx_hal_msp.o
                             0x15b50a (size before relaxing)
 .debug_str     0x0015e91e      0x120 ./Application/Core/stm32g4xx_it.o
                             0x159769 (size before relaxing)
 .debug_str     0x0015ea3e     0x24da ./Application/OpenBootloader/App/app_openbootloader.o
                             0x15bcb9 (size before relaxing)
 .debug_str     0x00160f18      0x309 ./Application/OpenBootloader/Target/classiccan_interface.o
                             0x15bfec (size before relaxing)
 .debug_str     0x00161221       0xf9 ./Application/OpenBootloader/Target/common_interface.o
                             0x15b0be (size before relaxing)
 .debug_str     0x0016131a      0x4b2 ./Application/OpenBootloader/Target/flash_interface.o
                             0x15ba51 (size before relaxing)
 .debug_str     0x001617cc       0xdc ./Application/OpenBootloader/Target/iwdg_interface.o
                             0x15b175 (size before relaxing)
 .debug_str     0x001618a8       0xa9 ./Application/OpenBootloader/Target/optionbytes_interface.o
                             0x15b67a (size before relaxing)
 .debug_str     0x00161951       0xc0 ./Application/OpenBootloader/Target/otp_interface.o
                             0x15b6a8 (size before relaxing)
 .debug_str     0x00161a11       0xcb ./Application/OpenBootloader/Target/ram_interface.o
                             0x15b5ee (size before relaxing)
 .debug_str     0x00161adc       0x9b ./Application/OpenBootloader/Target/systemmemory_interface.o
                             0x15b56c (size before relaxing)
 .debug_str     0x00161b77      0x1ea ./Application/OpenBootloader/Target/usart_interface.o
                             0x15bd05 (size before relaxing)
 .debug_str     0x00161d61       0x98 ./Application/Startup/startup_stm32g474qetx.o
 .debug_str     0x00161df9       0xf7 ./Drivers/CMSIS/system_stm32g4xx.o
                             0x1598dd (size before relaxing)
 .debug_str     0x00161ef0      0xc4e ./Drivers/STM32G4xx_HAL_Driver/stm32g4xx_hal.o
                             0x15a5d8 (size before relaxing)
 .debug_str     0x00162b3e      0x3d6 ./Drivers/STM32G4xx_HAL_Driver/stm32g4xx_hal_cortex.o
                             0x15a294 (size before relaxing)
 .debug_str     0x00162f14     0x11e5 ./Drivers/STM32G4xx_HAL_Driver/stm32g4xx_hal_fdcan.o
                             0x15ae75 (size before relaxing)
 .debug_str     0x001640f9      0x395 ./Drivers/STM32G4xx_HAL_Driver/stm32g4xx_hal_flash.o
                             0x159b96 (size before relaxing)
 .debug_str     0x0016448e      0x279 ./Drivers/STM32G4xx_HAL_Driver/stm32g4xx_hal_flash_ex.o
                             0x159ce6 (size before relaxing)
 .debug_str     0x00164707      0x169 ./Drivers/STM32G4xx_HAL_Driver/stm32g4xx_hal_gpio.o
                             0x159a51 (size before relaxing)
 .debug_str     0x00164870      0x14f ./Drivers/STM32G4xx_HAL_Driver/stm32g4xx_hal_iwdg.o
                             0x159838 (size before relaxing)
 .debug_str     0x001649bf      0x51f ./Drivers/STM32G4xx_HAL_Driver/stm32g4xx_hal_pwr_ex.o
                             0x159db4 (size before relaxing)
 .debug_str     0x00164ede      0x4dd ./Drivers/STM32G4xx_HAL_Driver/stm32g4xx_hal_rcc.o
                             0x159fe5 (size before relaxing)
 .debug_str     0x001653bb      0x45a ./Drivers/STM32G4xx_HAL_Driver/stm32g4xx_hal_rcc_ex.o
                             0x15a00f (size before relaxing)